Component: ARM Compiler 5.06 update 6 (build 750) Tool: armlink [4d35ed]

==============================================================================

Section Cross References

    main.o(.text) refers to canopen_timebase.o(.text) for Canopen_Timebase_Config
    main.o(.text) refers to canopen_can.o(.text) for Canopen_Can_Config
    main.o(.text) refers to states.o(.text) for setNodeId
    main.o(.text) refers to misc.o(.text) for NVIC_PriorityGroupConfig
    main.o(.text) refers to delay.o(.text) for delay_init
    main.o(.text) refers to usart.o(.text) for uart_init
    main.o(.text) refers to usart_mpu.o(.text) for usart_mpu_init
    main.o(.text) refers to led.o(.text) for LED_Init
    main.o(.text) refers to key.o(.text) for KEY_Init
    main.o(.text) refers to serverobject.o(.data) for serverobject_Data
    main.o(.text) refers to main.o(.data) for stcAngle
    main.o(.text) refers to main.o(.bss) for ucRxBuffer
    system_stm32f4xx.o(.text) refers to system_stm32f4xx.o(.data) for SystemCoreClock
    serverobject.o(.text) refers to serverobject.o(.constdata) for serverobject_objdict
    serverobject.o(.constdata) refers to serverobject.o(.data) for serverobject_Index1000
    serverobject.o(.data) refers to serverobject.o(.bss) for serverobject_obj1600
    serverobject.o(.data) refers to serverobject.o(.constdata) for serverobject_objdict
    serverobject.o(.data) refers to pdo.o(.text) for _RxPDO_EventTimers_Handler
    serverobject.o(.data) refers to serverobject.o(.text) for serverobject_valueRangeTest
    serverobject.o(.data) refers to states.o(.text) for _initialisation
    serverobject.o(.data) refers to lifegrd.o(.text) for _heartbeatError
    serverobject.o(.data) refers to sync.o(.text) for _post_sync
    serverobject.o(.data) refers to objacces.o(.text) for _storeODSubIndex
    serverobject.o(.data) refers to emcy.o(.text) for _post_emcy
    led.o(.text) refers to stm32f4xx_rcc.o(.text) for RCC_AHB1PeriphClockCmd
    led.o(.text) refers to stm32f4xx_gpio.o(.text) for GPIO_Init
    key.o(.text) refers to stm32f4xx_rcc.o(.text) for RCC_AHB1PeriphClockCmd
    key.o(.text) refers to stm32f4xx_gpio.o(.text) for GPIO_Init
    key.o(.text) refers to delay.o(.text) for delay_ms
    key.o(.text) refers to key.o(.data) for key_up
    lcd.o(.text) refers to _printf_percent.o(.ARM.Collect$$_printf_percent$$00000000) for _printf_percent
    lcd.o(.text) refers to _printf_x.o(.ARM.Collect$$_printf_percent$$0000000C) for _printf_x
    lcd.o(.text) refers to _printf_hex_int_ll_ptr.o(.text) for _printf_longlong_hex
    lcd.o(.text) refers to delay.o(.text) for delay_us
    lcd.o(.text) refers to lcd.o(.bss) for lcddev
    lcd.o(.text) refers to lcd.o(.data) for POINT_COLOR
    lcd.o(.text) refers to dflt_clz.o(x$fpl$dfltu) for __aeabi_ui2d
    lcd.o(.text) refers to dmul.o(x$fpl$dmul) for __aeabi_dmul
    lcd.o(.text) refers to dfixu.o(x$fpl$dfixu) for __aeabi_d2uiz
    lcd.o(.text) refers to stm32f4xx_rcc.o(.text) for RCC_AHB1PeriphClockCmd
    lcd.o(.text) refers to stm32f4xx_gpio.o(.text) for GPIO_Init
    lcd.o(.text) refers to stm32f4xx_fsmc.o(.text) for FSMC_NORSRAMInit
    lcd.o(.text) refers to __2printf.o(.text) for __2printf
    lcd.o(.text) refers to lcd.o(.constdata) for asc2_1206
    myiic.o(.text) refers to stm32f4xx_rcc.o(.text) for RCC_AHB1PeriphClockCmd
    myiic.o(.text) refers to stm32f4xx_gpio.o(.text) for GPIO_Init
    myiic.o(.text) refers to delay.o(.text) for delay_us
    inv_mpu.o(.text) refers to _printf_pad.o(.text) for _printf_pre_padding
    inv_mpu.o(.text) refers to _printf_percent.o(.ARM.Collect$$_printf_percent$$00000000) for _printf_percent
    inv_mpu.o(.text) refers to _printf_x.o(.ARM.Collect$$_printf_percent$$0000000C) for _printf_x
    inv_mpu.o(.text) refers to _printf_hex_int_ll_ptr.o(.text) for _printf_longlong_hex
    inv_mpu.o(.text) refers to _printf_d.o(.ARM.Collect$$_printf_percent$$00000009) for _printf_d
    inv_mpu.o(.text) refers to _printf_dec.o(.text) for _printf_int_dec
    inv_mpu.o(.text) refers to mpu6050iic.o(.text) for MPU_Write_Len
    inv_mpu.o(.text) refers to __2printf.o(.text) for __2printf
    inv_mpu.o(.text) refers to delay.o(.text) for delay_ms
    inv_mpu.o(.text) refers to inv_mpu.o(.data) for st
    inv_mpu.o(.text) refers to inv_mpu.o(.conststring) for .conststring
    inv_mpu.o(.text) refers to inv_mpu.o(.constdata) for test
    inv_mpu.o(.text) refers to llsdiv.o(.text) for __aeabi_ldivmod
    inv_mpu.o(.text) refers to memcmp.o(.text) for memcmp
    inv_mpu.o(.text) refers to inv_mpu_dmp_motion_driver.o(.text) for dmp_set_gyro_bias
    inv_mpu.o(.text) refers to myiic.o(.text) for IIC_Init
    inv_mpu.o(.text) refers to f2d.o(x$fpl$f2d) for __aeabi_f2d
    inv_mpu.o(.text) refers to asin.o(i.__hardfp_asin) for __hardfp_asin
    inv_mpu.o(.text) refers to dmul.o(x$fpl$dmul) for __aeabi_dmul
    inv_mpu.o(.text) refers to d2f.o(x$fpl$d2f) for __aeabi_d2f
    inv_mpu.o(.text) refers to atan2.o(i.__hardfp_atan2) for __hardfp_atan2
[...]
    TIM_TimeBaseInit                         0x080056ff   Thumb Code   104  stm32f4xx_tim.o(.text)
    TIM_TimeBaseStructInit                   0x08005767   Thumb Code    18  stm32f4xx_tim.o(.text)
    TIM_PrescalerConfig                      0x08005779   Thumb Code     6  stm32f4xx_tim.o(.text)
    TIM_CounterModeConfig                    0x0800577f   Thumb Code    18  stm32f4xx_tim.o(.text)
    TIM_SetCounter                           0x08005791   Thumb Code     4  stm32f4xx_tim.o(.text)
    TIM_SetAutoreload                        0x08005795   Thumb Code     4  stm32f4xx_tim.o(.text)
    TIM_GetCounter                           0x08005799   Thumb Code     6  stm32f4xx_tim.o(.text)
    TIM_GetPrescaler                         0x0800579f   Thumb Code     6  stm32f4xx_tim.o(.text)
    TIM_UpdateDisableConfig                  0x080057a5   Thumb Code    24  stm32f4xx_tim.o(.text)
    TIM_UpdateRequestConfig                  0x080057bd   Thumb Code    24  stm32f4xx_tim.o(.text)
    TIM_ARRPreloadConfig                     0x080057d5   Thumb Code    24  stm32f4xx_tim.o(.text)
    TIM_SelectOnePulseMode                   0x080057ed   Thumb Code    18  stm32f4xx_tim.o(.text)
    TIM_SetClockDivision                     0x080057ff   Thumb Code    18  stm32f4xx_tim.o(.text)
    TIM_Cmd                                  0x08005811   Thumb Code    24  stm32f4xx_tim.o(.text)
    TIM_OC1Init                              0x08005829   Thumb Code   114  stm32f4xx_tim.o(.text)
    TIM_OC2Init                              0x0800589b   Thumb Code   154  stm32f4xx_tim.o(.text)
    TIM_OC3Init                              0x08005935   Thumb Code   204  stm32f4xx_tim.o(.text)
    TIM_OC4Init                              0x08005a01   Thumb Code   112  stm32f4xx_tim.o(.text)
    TIM_OCStructInit                         0x08005a71   Thumb Code    20  stm32f4xx_tim.o(.text)
    TIM_SelectOCxM                           0x08005a85   Thumb Code    86  stm32f4xx_tim.o(.text)
    TIM_SetCompare1                          0x08005adb   Thumb Code     4  stm32f4xx_tim.o(.text)
    TIM_SetCompare2                          0x08005adf   Thumb Code     4  stm32f4xx_tim.o(.text)
    TIM_SetCompare3                          0x08005ae3   Thumb Code     4  stm32f4xx_tim.o(.text)
    TIM_SetCompare4                          0x08005ae7   Thumb Code     4  stm32f4xx_tim.o(.text)
    TIM_ForcedOC1Config                      0x08005aeb   Thumb Code    18  stm32f4xx_tim.o(.text)
    TIM_ForcedOC2Config                      0x08005afd   Thumb Code    26  stm32f4xx_tim.o(.text)
    TIM_ForcedOC3Config                      0x08005b17   Thumb Code    18  stm32f4xx_tim.o(.text)
    TIM_ForcedOC4Config                      0x08005b29   Thumb Code    26  stm32f4xx_tim.o(.text)
    TIM_OC1PreloadConfig                     0x08005b43   Thumb Code    18  stm32f4xx_tim.o(.text)
    TIM_OC2PreloadConfig                     0x08005b55   Thumb Code    26  stm32f4xx_tim.o(.text)
    TIM_OC3PreloadConfig                     0x08005b6f   Thumb Code    18  stm32f4xx_tim.o(.text)
    TIM_OC4PreloadConfig                     0x08005b81   Thumb Code    26  stm32f4xx_tim.o(.text)
    TIM_OC1FastConfig                        0x08005b9b   Thumb Code    18  stm32f4xx_tim.o(.text)
    TIM_OC2FastConfig                        0x08005bad   Thumb Code    26  stm32f4xx_tim.o(.text)
    TIM_OC3FastConfig                        0x08005bc7   Thumb Code    18  stm32f4xx_tim.o(.text)
    TIM_OC4FastConfig                        0x08005bd9   Thumb Code    26  stm32f4xx_tim.o(.text)
    TIM_ClearOC1Ref                          0x08005bf3   Thumb Code    18  stm32f4xx_tim.o(.text)
    TIM_ClearOC2Ref                          0x08005c05   Thumb Code    24  stm32f4xx_tim.o(.text)
    TIM_ClearOC3Ref                          0x08005c1d   Thumb Code    18  stm32f4xx_tim.o(.text)
    TIM_ClearOC4Ref                          0x08005c2f   Thumb Code    24  stm32f4xx_tim.o(.text)
    TIM_OC1PolarityConfig                    0x08005c47   Thumb Code    18  stm32f4xx_tim.o(.text)
    TIM_OC1NPolarityConfig                   0x08005c59   Thumb Code    18  stm32f4xx_tim.o(.text)
    TIM_OC2PolarityConfig                    0x08005c6b   Thumb Code    26  stm32f4xx_tim.o(.text)
    TIM_OC2NPolarityConfig                   0x08005c85   Thumb Code    26  stm32f4xx_tim.o(.text)
    TIM_OC3PolarityConfig                    0x08005c9f   Thumb Code    26  stm32f4xx_tim.o(.text)
    TIM_OC3NPolarityConfig                   0x08005cb9   Thumb Code    26  stm32f4xx_tim.o(.text)
    TIM_OC4PolarityConfig                    0x08005cd3   Thumb Code    26  stm32f4xx_tim.o(.text)
    TIM_CCxCmd                               0x08005ced   Thumb Code    30  stm32f4xx_tim.o(.text)
    TIM_CCxNCmd                              0x08005d0b   Thumb Code    30  stm32f4xx_tim.o(.text)
    TIM_SetIC4Prescaler                      0x08005d29   Thumb Code    26  stm32f4xx_tim.o(.text)
    TIM_SetIC3Prescaler                      0x08005d93   Thumb Code    18  stm32f4xx_tim.o(.text)
    TIM_SetIC2Prescaler                      0x08005ded   Thumb Code    26  stm32f4xx_tim.o(.text)
    TIM_SetIC1Prescaler                      0x08005e61   Thumb Code    18  stm32f4xx_tim.o(.text)
    TIM_ICInit                               0x08005ead   Thumb Code   110  stm32f4xx_tim.o(.text)
    TIM_ICStructInit                         0x08005f1b   Thumb Code    18  stm32f4xx_tim.o(.text)
    TIM_PWMIConfig                           0x08005f2d   Thumb Code   124  stm32f4xx_tim.o(.text)
    TIM_GetCapture1                          0x08005fa9   Thumb Code     6  stm32f4xx_tim.o(.text)
    TIM_GetCapture2                          0x08005faf   Thumb Code     6  stm32f4xx_tim.o(.text)
    TIM_GetCapture3                          0x08005fb5   Thumb Code     6  stm32f4xx_tim.o(.text)
    TIM_GetCapture4                          0x08005fbb   Thumb Code     6  stm32f4xx_tim.o(.text)
    TIM_BDTRConfig                           0x08005fc1   Thumb Code    32  stm32f4xx_tim.o(.text)
    TIM_BDTRStructInit                       0x08005fe1   Thumb Code    18  stm32f4xx_tim.o(.text)
    TIM_CtrlPWMOutputs                       0x08005ff3   Thumb Code    30  stm32f4xx_tim.o(.text)
    TIM_SelectCOM                            0x08006011   Thumb Code    24  stm32f4xx_tim.o(.text)
    TIM_CCPreloadControl                     0x08006029   Thumb Code    24  stm32f4xx_tim.o(.text)
    TIM_ITConfig                             0x08006041   Thumb Code    18  stm32f4xx_tim.o(.text)
    TIM_GenerateEvent                        0x08006053   Thumb Code     4  stm32f4xx_tim.o(.text)
    TIM_GetFlagStatus                        0x08006057   Thumb Code    18  stm32f4xx_tim.o(.text)
    TIM_ClearFlag                            0x08006069   Thumb Code     6  stm32f4xx_tim.o(.text)
    TIM_GetITStatus                          0x0800606f   Thumb Code    34  stm32f4xx_tim.o(.text)
    TIM_ClearITPendingBit                    0x08006091   Thumb Code     6  stm32f4xx_tim.o(.text)
    TIM_DMAConfig                            0x08006097   Thumb Code    10  stm32f4xx_tim.o(.text)
    TIM_DMACmd                               0x080060a1   Thumb Code    18  stm32f4xx_tim.o(.text)
    TIM_SelectCCDMA                          0x080060b3   Thumb Code    24  stm32f4xx_tim.o(.text)
    TIM_InternalClockConfig                  0x080060cb   Thumb Code    12  stm32f4xx_tim.o(.text)
    TIM_SelectInputTrigger                   0x080060d7   Thumb Code    18  stm32f4xx_tim.o(.text)
    TIM_ITRxExternalClockConfig              0x080060e9   Thumb Code    24  stm32f4xx_tim.o(.text)
    TIM_TIxExternalClockConfig               0x08006101   Thumb Code    62  stm32f4xx_tim.o(.text)
    TIM_ETRConfig                            0x0800613f   Thumb Code    28  stm32f4xx_tim.o(.text)
    TIM_ETRClockMode1Config                  0x0800615b   Thumb Code    54  stm32f4xx_tim.o(.text)
    TIM_ETRClockMode2Config                  0x08006191   Thumb Code    32  stm32f4xx_tim.o(.text)
    TIM_SelectOutputTrigger                  0x080061b1   Thumb Code    18  stm32f4xx_tim.o(.text)
    TIM_SelectSlaveMode                      0x080061c3   Thumb Code    18  stm32f4xx_tim.o(.text)
    TIM_SelectMasterSlaveMode                0x080061d5   Thumb Code    18  stm32f4xx_tim.o(.text)
    TIM_EncoderInterfaceConfig               0x080061e7   Thumb Code    66  stm32f4xx_tim.o(.text)
    TIM_SelectHallSensor                     0x08006229   Thumb Code    24  stm32f4xx_tim.o(.text)
    TIM_RemapConfig                          0x08006241   Thumb Code     6  stm32f4xx_tim.o(.text)
    CAN_DeInit                               0x08006249   Thumb Code    50  stm32f4xx_can.o(.text)
    CAN_Init                                 0x0800627b   Thumb Code   276  stm32f4xx_can.o(.text)
    CAN_FilterInit                           0x0800638f   Thumb Code   258  stm32f4xx_can.o(.text)
    CAN_StructInit                           0x08006491   Thumb Code    32  stm32f4xx_can.o(.text)
    CAN_SlaveStartBank                       0x080064b1   Thumb Code    48  stm32f4xx_can.o(.text)
    CAN_DBGFreeze                            0x080064e1   Thumb Code    22  stm32f4xx_can.o(.text)
    CAN_TTComModeCmd                         0x080064f7   Thumb Code   118  stm32f4xx_can.o(.text)
    CAN_Transmit                             0x0800656d   Thumb Code   304  stm32f4xx_can.o(.text)
    CAN_TransmitStatus                       0x0800669d   Thumb Code   138  stm32f4xx_can.o(.text)
    CAN_CancelTransmit                       0x08006727   Thumb Code    48  stm32f4xx_can.o(.text)
    CAN_Receive                              0x08006757   Thumb Code   240  stm32f4xx_can.o(.text)
    CAN_FIFORelease                          0x08006847   Thumb Code    22  stm32f4xx_can.o(.text)
    CAN_MessagePending                       0x0800685d   Thumb Code    30  stm32f4xx_can.o(.text)
    CAN_OperatingModeRequest                 0x0800687b   Thumb Code   162  stm32f4xx_can.o(.text)
    CAN_Sleep                                0x0800691d   Thumb Code    30  stm32f4xx_can.o(.text)
    CAN_WakeUp                               0x0800693b   Thumb Code    48  stm32f4xx_can.o(.text)
    CAN_GetLastErrorCode                     0x0800696b   Thumb Code    12  stm32f4xx_can.o(.text)
    CAN_GetReceiveErrorCounter               0x08006977   Thumb Code    10  stm32f4xx_can.o(.text)
    CAN_GetLSBTransmitErrorCounter           0x08006981   Thumb Code    12  stm32f4xx_can.o(.text)
    CAN_ITConfig                             0x0800698d   Thumb Code    18  stm32f4xx_can.o(.text)
    CAN_GetFlagStatus                        0x0800699f   Thumb Code   120  stm32f4xx_can.o(.text)
    CAN_ClearFlag                            0x08006a17   Thumb Code    52  stm32f4xx_can.o(.text)
    CAN_GetITStatus                          0x08006a5d   Thumb Code   310  stm32f4xx_can.o(.text)
    CAN_ClearITPendingBit                    0x08006b93   Thumb Code   162  stm32f4xx_can.o(.text)
    usmart_sys_cmd_exe                       0x08006c39   Thumb Code  1554  usmart.o(.text)
    usmart_reset_runtime                     0x0800724b   Thumb Code    38  usmart.o(.text)
    usmart_get_runtime                       0x08007271   Thumb Code    60  usmart.o(.text)
    TIM4_IRQHandler                          0x080072ad   Thumb Code    46  usmart.o(.text)
    Timer4_Init                              0x080072db   Thumb Code    86  usmart.o(.text)
    usmart_init                              0x08007331   Thumb Code    36  usmart.o(.text)
    usmart_cmd_rec                           0x08007355   Thumb Code   170  usmart.o(.text)
    usmart_exe                               0x080073ff   Thumb Code   868  usmart.o(.text)
    usmart_scan                              0x08007763   Thumb Code   120  usmart.o(.text)
    read_addr                                0x080077db   Thumb Code     6  usmart.o(.text)
    write_addr                               0x080077e1   Thumb Code     4  usmart.o(.text)
    usmart_strcmp                            0x0800786d   Thumb Code    34  usmart_str.o(.text)
    usmart_strcopy                           0x0800788f   Thumb Code    22  usmart_str.o(.text)
    usmart_strlen                            0x080078a5   Thumb Code    24  usmart_str.o(.text)
    usmart_pow                               0x080078bd   Thumb Code    22  usmart_str.o(.text)
    usmart_str2num                           0x080078d3   Thumb Code   202  usmart_str.o(.text)
    usmart_get_cmdname                       0x0800799d   Thumb Code    54  usmart_str.o(.text)
    usmart_search_nextc                      0x080079d3   Thumb Code    22  usmart_str.o(.text)
    usmart_get_fname                         0x080079e9   Thumb Code   440  usmart_str.o(.text)
    usmart_get_aparm                         0x08007ba1   Thumb Code   200  usmart_str.o(.text)
    usmart_get_parmpos                       0x08007c69   Thumb Code    26  usmart_str.o(.text)
    usmart_get_fparam                        0x08007c83   Thumb Code   262  usmart_str.o(.text)
    Canopen_Can_Config                       0x08007e3f   Thumb Code   118  canopen_can.o(.text)
    CAN1_RX0_IRQHandler                      0x08007eb5   Thumb Code    72  canopen_can.o(.text)
    canSend                                  0x08007efd   Thumb Code    98  canopen_can.o(.text)
    Canopen_Timebase_Config                  0x08007fed   Thumb Code    12  canopen_timebase.o(.text)
    setTimer                                 0x08007ff9   Thumb Code    16  canopen_timebase.o(.text)
    getElapsedTime                           0x08008009   Thumb Code     8  canopen_timebase.o(.text)
    TIM2_IRQHandler                          0x08008011   Thumb Code    26  canopen_timebase.o(.text)
    OnNumberOfErrorsUpdate                   0x0800802d   Thumb Code    44  emcy.o(.text)
    emergencyInit                            0x08008059   Thumb Code    30  emcy.o(.text)
    emergencyStop                            0x08008077   Thumb Code     2  emcy.o(.text)
    sendEMCY                                 0x08008079   Thumb Code    88  emcy.o(.text)
    EMCY_setError                            0x080080d1   Thumb Code   294  emcy.o(.text)
    EMCY_errorRecovered                      0x080081f7   Thumb Code   152  emcy.o(.text)
    proceedEMCY                              0x0800828f   Thumb Code    58  emcy.o(.text)
    _post_emcy                               0x080082c9   Thumb Code     6  emcy.o(.text)
    getNodeState                             0x080082d1   Thumb Code    16  lifegrd.o(.text)
    ConsumerHeartbeatAlarm                   0x080082e1   Thumb Code    50  lifegrd.o(.text)
    proceedNODE_GUARD                        0x08008313   Thumb Code   278  lifegrd.o(.text)
    ProducerHeartbeatAlarm                   0x08008429   Thumb Code    72  lifegrd.o(.text)
    GuardTimeAlarm                           0x08008471   Thumb Code   118  lifegrd.o(.text)
    nodeguardInit                            0x080084e7   Thumb Code   130  lifegrd.o(.text)
    nodeguardStop                            0x08008569   Thumb Code    18  lifegrd.o(.text)
    OnNodeGuardUpdate                        0x0800857b   Thumb Code    24  lifegrd.o(.text)
    OnHeartbeatProducerUpdate                0x08008593   Thumb Code    68  lifegrd.o(.text)
    heartbeatInit                            0x080085d7   Thumb Code   136  lifegrd.o(.text)
    heartbeatStop                            0x0800865f   Thumb Code    56  lifegrd.o(.text)
    lifeGuardInit                            0x08008697   Thumb Code    18  lifegrd.o(.text)
    lifeGuardStop                            0x080086a9   Thumb Code    18  lifegrd.o(.text)
    _heartbeatError                          0x080086bb   Thumb Code     2  lifegrd.o(.text)
    _post_SlaveBootup                        0x080086bd   Thumb Code     2  lifegrd.o(.text)
    _post_SlaveStateChange                   0x080086bf   Thumb Code     2  lifegrd.o(.text)
    _nodeguardError                          0x080086c1   Thumb Code     2  lifegrd.o(.text)
    masterSendNMTstateChange                 0x080086c9   Thumb Code    44  nmtmaster.o(.text)
    masterSendNMTnodeguard                   0x080086f5   Thumb Code    38  nmtmaster.o(.text)
    masterRequestNodeState                   0x0800871b   Thumb Code    50  nmtmaster.o(.text)
    proceedNMTstateChange                    0x0800874d   Thumb Code   224  nmtslave.o(.text)
    slaveSendBootUp                          0x0800882d   Thumb Code    46  nmtslave.o(.text)
    accessDictionaryError                    0x0800885d   Thumb Code    10  objacces.o(.text)
    _getODentry                              0x08008867   Thumb Code   224  objacces.o(.text)
    _setODentry                              0x08008947   Thumb Code   302  objacces.o(.text)
    RegisterSetODentryCallBack               0x08008a75   Thumb Code    50  objacces.o(.text)
    _storeODSubIndex                         0x08008aa7   Thumb Code     6  objacces.o(.text)
    CopyBits                                 0x08008abd   Thumb Code   236  pdo.o(.text)
    buildPDO                                 0x08008ba9   Thumb Code   238  pdo.o(.text)
    sendPDOrequest                           0x08008c97   Thumb Code    96  pdo.o(.text)
    PDOInhibitTimerAlarm                     0x08008d23   Thumb Code    56  pdo.o(.text)
    sendOnePDOevent                          0x08008d5b   Thumb Code   332  pdo.o(.text)
    PDOEventTimerAlarm                       0x08008ea7   Thumb Code    46  pdo.o(.text)
    proceedPDO                               0x08008ed5   Thumb Code   732  pdo.o(.text)
    _sendPDOevent                            0x080091b1   Thumb Code   412  pdo.o(.text)
    sendPDOevent                             0x0800934d   Thumb Code    14  pdo.o(.text)
    _RxPDO_EventTimers_Handler               0x0800935b   Thumb Code     2  pdo.o(.text)
    TPDO_Communication_Parameter_Callback    0x0800935d   Thumb Code   148  pdo.o(.text)
    PDOInit                                  0x080093f1   Thumb Code    84  pdo.o(.text)
    PDOStop                                  0x08009445   Thumb Code   120  pdo.o(.text)
    PDOEnable                                0x080094bd   Thumb Code    48  pdo.o(.text)
    PDODisable                               0x080094ed   Thumb Code    48  pdo.o(.text)
    initSDOline                              0x0800951d   Thumb Code   444  sdo.o(.text)
    resetSDOline                             0x080096d9   Thumb Code    96  sdo.o(.text)
    sendSDO                                  0x08009739   Thumb Code   162  sdo.o(.text)
    sendSDOabort                             0x080097db   Thumb Code    82  sdo.o(.text)
    SDOTimeoutAlarm                          0x0800982d   Thumb Code   312  sdo.o(.text)
    resetSDO                                 0x08009965   Thumb Code    26  sdo.o(.text)
    SDOlineToObjdict                         0x0800997f   Thumb Code   172  sdo.o(.text)
    objdictToSDOline                         0x08009a2b   Thumb Code   142  sdo.o(.text)
    lineToSDO                                0x08009ab9   Thumb Code   176  sdo.o(.text)
    SDOtoLine                                0x08009b69   Thumb Code   134  sdo.o(.text)
    getSDOlineOnUse                          0x08009bef   Thumb Code   114  sdo.o(.text)
    failedSDO                                0x08009c61   Thumb Code   182  sdo.o(.text)
    getSDOfreeLine                           0x08009d17   Thumb Code    70  sdo.o(.text)
    getSDOlineToClose                        0x08009d5d   Thumb Code    92  sdo.o(.text)
    GetSDOClientFromNodeId                   0x08009db9   Thumb Code    84  sdo.o(.text)
    closeSDOtransfer                         0x08009e0d   Thumb Code    64  sdo.o(.text)
    getSDOlineRestBytes                      0x08009e4d   Thumb Code    74  sdo.o(.text)
    setSDOlineRestBytes                      0x08009e97   Thumb Code    34  sdo.o(.text)
    proceedSDO                               0x08009eb9   Thumb Code 11072  sdo.o(.text)
    resetClientSDOLineFromNodeId             0x0800c9f9   Thumb Code    52  sdo.o(.text)
    _writeNetworkDict                        0x0800ca2d   Thumb Code   490  sdo.o(.text)
    writeNetworkDict                         0x0800cc17   Thumb Code    54  sdo.o(.text)
    writeNetworkDictCallBack                 0x0800cc4d   Thumb Code    46  sdo.o(.text)
    writeNetworkDictCallBackAI               0x0800cc7b   Thumb Code   194  sdo.o(.text)
    _readNetworkDict                         0x0800cd3d   Thumb Code   316  sdo.o(.text)
    readNetworkDict                          0x0800ce79   Thumb Code    42  sdo.o(.text)
    readNetworkDictCallback                  0x0800cea3   Thumb Code    40  sdo.o(.text)
    readNetworkDictCallbackAI                0x0800cecb   Thumb Code   186  sdo.o(.text)
    getReadResultNetworkDict                 0x0800cf85   Thumb Code   386  sdo.o(.text)
    getWriteResultNetworkDict                0x0800d107   Thumb Code   144  sdo.o(.text)
    getState                                 0x0800d199   Thumb Code     8  states.o(.text)
    canDispatch                              0x0800d1a1   Thumb Code   152  states.o(.text)
    switchCommunicationState                 0x0800d239   Thumb Code   284  states.o(.text)
    setState                                 0x0800d355   Thumb Code   200  states.o(.text)
    getNodeId                                0x0800d41d   Thumb Code     8  states.o(.text)
    setNodeId                                0x0800d425   Thumb Code   366  states.o(.text)
    _initialisation                          0x0800d593   Thumb Code     2  states.o(.text)
    _preOperational                          0x0800d595   Thumb Code    22  states.o(.text)
    _operational                             0x0800d5ab   Thumb Code     2  states.o(.text)
    _stopped                                 0x0800d5ad   Thumb Code     2  states.o(.text)
    proceedSYNC                              0x0800d5b5   Thumb Code    44  sync.o(.text)
    sendSYNCMessage                          0x0800d5e1   Thumb Code    38  sync.o(.text)
    sendSYNC                                 0x0800d607   Thumb Code    22  sync.o(.text)
    SyncAlarm                                0x0800d61d   Thumb Code    14  sync.o(.text)
    stopSYNC                                 0x0800d62b   Thumb Code    46  sync.o(.text)
    startSYNC                                0x0800d659   Thumb Code    98  sync.o(.text)
    OnCOB_ID_SyncUpdate                      0x0800d6bb   Thumb Code    18  sync.o(.text)
    _post_sync                               0x0800d6cd   Thumb Code     2  sync.o(.text)
    _post_TPDO                               0x0800d6cf   Thumb Code     2  sync.o(.text)
    SetAlarm                                 0x0800d6d5   Thumb Code   170  timer.o(.text)
    DelAlarm                                 0x0800d77f   Thumb Code    46  timer.o(.text)
    TimeDispatch                             0x0800d7ad   Thumb Code   178  timer.o(.text)
    __use_no_semihosting                     0x0800d86d   Thumb Code     2  use_no_semi_2.o(.text)
    __aeabi_ldivmod                          0x0800d86f   Thumb Code     0  llsdiv.o(.text)
    _ll_sdiv                                 0x0800d86f   Thumb Code    72  llsdiv.o(.text)
    __c89vsprintf                            0x0800d8b9   Thumb Code    32  c89vsprintf.o(.text)
    __2printf                                0x0800d8dd   Thumb Code    20  __2printf.o(.text)
    _printf_pre_padding                      0x0800d8f5   Thumb Code    44  _printf_pad.o(.text)
    _printf_post_padding                     0x0800d921   Thumb Code    34  _printf_pad.o(.text)
    _printf_str                              0x0800d943   Thumb Code    82  _printf_str.o(.text)
    _printf_int_dec                          0x0800d995   Thumb Code   104  _printf_dec.o(.text)
    _printf_longlong_hex                     0x0800da0d   Thumb Code    86  _printf_hex_int_ll_ptr.o(.text)
    _printf_int_hex                          0x0800da63   Thumb Code    28  _printf_hex_int_ll_ptr.o(.text)
    _printf_ll_hex                           0x0800da7f   Thumb Code    12  _printf_hex_int_ll_ptr.o(.text)
    _printf_hex_ptr                          0x0800da8b   Thumb Code    18  _printf_hex_int_ll_ptr.o(.text)
    __printf                                 0x0800daa1   Thumb Code   388  __printf_flags_ss_wp.o(.text)
    memcmp                                   0x0800dc29   Thumb Code    88  memcmp.o(.text)
    strlen                                   0x0800dc81   Thumb Code    62  strlen.o(.text)
    __aeabi_memcpy                           0x0800dcbf   Thumb Code     0  rt_memcpy_v6.o(.text)
    __rt_memcpy                              0x0800dcbf   Thumb Code   138  rt_memcpy_v6.o(.text)
    _memcpy_lastbytes                        0x0800dd25   Thumb Code     0  rt_memcpy_v6.o(.text)
    __aeabi_memset                           0x0800dd49   Thumb Code    16  aeabi_memset.o(.text)
    __use_two_region_memory                  0x0800dd59   Thumb Code     2  heapauxi.o(.text)
    __rt_heap_escrow$2region                 0x0800dd5b   Thumb Code     2  heapauxi.o(.text)
    __rt_heap_expand$2region                 0x0800dd5d   Thumb Code     2  heapauxi.o(.text)
    __I$use$semihosting                      0x0800dd5f   Thumb Code     0  use_no_semi.o(.text)
    __use_no_semihosting_swi                 0x0800dd5f   Thumb Code     2  use_no_semi.o(.text)
    __aeabi_uldivmod                         0x0800dd61   Thumb Code     0  lludivv7m.o(.text)
    _ll_udiv                                 0x0800dd61   Thumb Code   238  lludivv7m.o(.text)
    __read_errno                             0x0800de4f   Thumb Code    10  _rserrno.o(.text)
    __set_errno                              0x0800de59   Thumb Code    12  _rserrno.o(.text)
    _printf_truncate_signed                  0x0800de65   Thumb Code    18  _printf_truncate.o(.text)
    _printf_truncate_unsigned                0x0800de77   Thumb Code    18  _printf_truncate.o(.text)
    _printf_int_common                       0x0800de89   Thumb Code   178  _printf_intcommon.o(.text)
    _printf_charcount                        0x0800df3b   Thumb Code    40  _printf_charcount.o(.text)
    _printf_char_common                      0x0800df6f   Thumb Code    32  _printf_char_common.o(.text)
    _sputc                                   0x0800df95   Thumb Code    10  _sputc.o(.text)
    _printf_cs_common                        0x0800df9f   Thumb Code    20  _printf_char.o(.text)
    _printf_char                             0x0800dfb3   Thumb Code    16  _printf_char.o(.text)
    _printf_string                           0x0800dfc3   Thumb Code     8  _printf_char.o(.text)
    _printf_char_file                        0x0800dfcd   Thumb Code    32  _printf_char_file.o(.text)
    _printf_wctomb                           0x0800dff1   Thumb Code   182  _printf_wctomb.o(.text)
    _printf_longlong_dec                     0x0800e0ad   Thumb Code   108  _printf_longlong_dec.o(.text)
    _printf_longlong_oct                     0x0800e129   Thumb Code    66  _printf_oct_int_ll.o(.text)
    _printf_int_oct                          0x0800e16b   Thumb Code    24  _printf_oct_int_ll.o(.text)
    _printf_ll_oct                           0x0800e183   Thumb Code    12  _printf_oct_int_ll.o(.text)
    __aeabi_memcpy4                          0x0800e199   Thumb Code     0  rt_memcpy_w.o(.text)
    __aeabi_memcpy8                          0x0800e199   Thumb Code     0  rt_memcpy_w.o(.text)
    __rt_memcpy_w                            0x0800e199   Thumb Code   100  rt_memcpy_w.o(.text)
    _memcpy_lastbytes_aligned                0x0800e1e1   Thumb Code     0  rt_memcpy_w.o(.text)
    __aeabi_memclr                           0x0800e1fd   Thumb Code     0  rt_memclr.o(.text)
    __rt_memclr                              0x0800e1fd   Thumb Code    68  rt_memclr.o(.text)
    _memset                                  0x0800e201   Thumb Code     0  rt_memclr.o(.text)
    __aeabi_errno_addr                       0x0800e241   Thumb Code     8  rt_errno_addr_intlibspace.o(.text)
    __errno$intlibspace                      0x0800e241   Thumb Code     0  rt_errno_addr_intlibspace.o(.text)
    __rt_errno_addr$intlibspace              0x0800e241   Thumb Code     0  rt_errno_addr_intlibspace.o(.text)
    _ll_udiv10                               0x0800e249   Thumb Code   138  lludiv10.o(.text)
    __lib_sel_fp_printf                      0x0800e2d3   Thumb Code     2  _printf_fp_dec.o(.text)
    _printf_fp_dec_real                      0x0800e485   Thumb Code   620  _printf_fp_dec.o(.text)
    _printf_lcs_common                       0x0800e6f1   Thumb Code    20  _printf_wchar.o(.text)
    _printf_wchar                            0x0800e705   Thumb Code    16  _printf_wchar.o(.text)
    _printf_wstring                          0x0800e715   Thumb Code     8  _printf_wchar.o(.text)
    ferror                                   0x0800e71d   Thumb Code     8  ferror.o(.text)
    _wcrtomb                                 0x0800e725   Thumb Code    64  _wcrtomb.o(.text)
    __aeabi_memclr4                          0x0800e765   Thumb Code     0  rt_memclr_w.o(.text)
    __aeabi_memclr8                          0x0800e765   Thumb Code     0  rt_memclr_w.o(.text)
    __rt_memclr_w                            0x0800e765   Thumb Code    78  rt_memclr_w.o(.text)
    _memset_w                                0x0800e769   Thumb Code     0  rt_memclr_w.o(.text)
    __user_libspace                          0x0800e7b5   Thumb Code     8  libspace.o(.text)
    __user_perproc_libspace                  0x0800e7b5   Thumb Code     0  libspace.o(.text)
    __user_perthread_libspace                0x0800e7b5   Thumb Code     0  libspace.o(.text)
    __user_setup_stackheap                   0x0800e7bd   Thumb Code    74  sys_stackheap_outer.o(.text)
    __rt_ctype_table                         0x0800e809   Thumb Code    16  rt_ctype_table.o(.text)
    __rt_locale                              0x0800e819   Thumb Code     8  rt_locale_intlibspace.o(.text)
    _printf_fp_infnan                        0x0800e821   Thumb Code   112  _printf_fp_infnan.o(.text)
    _btod_etento                             0x0800e8a1   Thumb Code   224  bigflt0.o(.text)
    exit                                     0x0800e985   Thumb Code    18  exit.o(.text)
    strcmp                                   0x0800e999   Thumb Code   128  strcmpv7m.o(.text)
    _btod_d2e                                0x0800ea19   Thumb Code    62  btod.o(CL$$btod_d2e)
    _d2e_denorm_low                          0x0800ea57   Thumb Code    70  btod.o(CL$$btod_d2e_denorm_low)
    _d2e_norm_op1                            0x0800ea9d   Thumb Code    96  btod.o(CL$$btod_d2e_norm_op1)
    __btod_div_common                        0x0800eafd   Thumb Code   696  btod.o(CL$$btod_div_common)
    _e2e                                     0x0800ee35   Thumb Code   220  btod.o(CL$$btod_e2e)
    _btod_ediv                               0x0800ef11   Thumb Code    42  btod.o(CL$$btod_ediv)
    _btod_emul                               0x0800ef3b   Thumb Code    42  btod.o(CL$$btod_emul)
    __btod_mult_common                       0x0800ef65   Thumb Code   580  btod.o(CL$$btod_mult_common)
    __ARM_fpclassify                         0x0800f1a9   Thumb Code    48  fpclassify.o(i.__ARM_fpclassify)
    __hardfp_asin                            0x0800f1d9   Thumb Code   770  asin.o(i.__hardfp_asin)
    __hardfp_atan                            0x0800f539   Thumb Code   622  atan.o(i.__hardfp_atan)
    __hardfp_atan2                           0x0800f811   Thumb Code   432  atan2.o(i.__hardfp_atan2)
    __kernel_poly                            0x0800fa01   Thumb Code   248  poly.o(i.__kernel_poly)
    __mathlib_dbl_infnan                     0x0800faf9   Thumb Code    20  dunder.o(i.__mathlib_dbl_infnan)
    __mathlib_dbl_infnan2                    0x0800fb0d   Thumb Code    20  dunder.o(i.__mathlib_dbl_infnan2)
    __mathlib_dbl_invalid                    0x0800fb21   Thumb Code    24  dunder.o(i.__mathlib_dbl_invalid)
    __mathlib_dbl_underflow                  0x0800fb41   Thumb Code    24  dunder.o(i.__mathlib_dbl_underflow)
    _is_digit                                0x0800fb61   Thumb Code    14  __printf_wp.o(i._is_digit)
    atan                                     0x0800fb6f   Thumb Code    16  atan.o(i.atan)
    fabs                                     0x0800fb7f   Thumb Code    24  fabs.o(i.fabs)
    sqrt                                     0x0800fb97   Thumb Code   110  sqrt.o(i.sqrt)
    _get_lc_numeric                          0x0800fc05   Thumb Code    44  lc_numeric_c.o(locale$$code)
    _get_lc_ctype                            0x0800fc31   Thumb Code    44  lc_ctype_c.o(locale$$code)
    __aeabi_dneg                             0x0800fc5d   Thumb Code     0  basic.o(x$fpl$basic)
    _dneg                                    0x0800fc5d   Thumb Code     6  basic.o(x$fpl$basic)
    __aeabi_fneg                             0x0800fc63   Thumb Code     0  basic.o(x$fpl$basic)
    _fneg                                    0x0800fc63   Thumb Code     6  basic.o(x$fpl$basic)
    _dabs                                    0x0800fc69   Thumb Code     6  basic.o(x$fpl$basic)
    _fabs                                    0x0800fc6f   Thumb Code     6  basic.o(x$fpl$basic)
    __aeabi_d2f                              0x0800fc75   Thumb Code     0  d2f.o(x$fpl$d2f)
    _d2f                                     0x0800fc75   Thumb Code    98  d2f.o(x$fpl$d2f)
    __aeabi_dadd                             0x0800fcd9   Thumb Code     0  daddsub_clz.o(x$fpl$dadd)
    _dadd                                    0x0800fcd9   Thumb Code   332  daddsub_clz.o(x$fpl$dadd)
    __aeabi_ddiv                             0x0800fe29   Thumb Code     0  ddiv.o(x$fpl$ddiv)
    _ddiv                                    0x0800fe29   Thumb Code   552  ddiv.o(x$fpl$ddiv)
    __aeabi_i2d                              0x080100d9   Thumb Code     0  dflt_clz.o(x$fpl$dflt)
    _dflt                                    0x080100d9   Thumb Code    46  dflt_clz.o(x$fpl$dflt)
    __aeabi_dmul                             0x08010109   Thumb Code     0  dmul.o(x$fpl$dmul)
    _dmul                                    0x08010109   Thumb Code   332  dmul.o(x$fpl$dmul)
    __fpl_dnaninf                            0x0801025d   Thumb Code   156  dnaninf.o(x$fpl$dnaninf)
    __fpl_dretinf                            0x080102f9   Thumb Code    12  dretinf.o(x$fpl$dretinf)
    __aeabi_drsub                            0x08010305   Thumb Code     0  daddsub_clz.o(x$fpl$drsb)
    _drsb                                    0x08010305   Thumb Code    22  daddsub_clz.o(x$fpl$drsb)
    _dsqrt                                   0x0801031d   Thumb Code   404  dsqrt_umaal.o(x$fpl$dsqrt)
    __aeabi_dsub                             0x080104b5   Thumb Code     0  daddsub_clz.o(x$fpl$dsub)
    _dsub                                    0x080104b5   Thumb Code   464  daddsub_clz.o(x$fpl$dsub)
    __aeabi_f2d                              0x08010689   Thumb Code     0  f2d.o(x$fpl$f2d)
    _f2d                                     0x08010689   Thumb Code    86  f2d.o(x$fpl$f2d)
    __fpl_fnaninf                            0x080106df   Thumb Code   140  fnaninf.o(x$fpl$fnaninf)
    _fp_init                                 0x0801076b   Thumb Code    10  fpinit.o(x$fpl$fpinit)
    __fplib_config_fpu_vfp                   0x08010773   Thumb Code     0  fpinit.o(x$fpl$fpinit)
    __fplib_config_pureend_doubles           0x08010773   Thumb Code     0  fpinit.o(x$fpl$fpinit)
    __fpl_fretinf                            0x08010775   Thumb Code    10  fretinf.o(x$fpl$fretinf)
    _printf_fp_dec                           0x0801077f   Thumb Code     4  printf1.o(x$fpl$printf1)
    __I$use$fp                               0x08010782   Number         0  usenofp.o(x$fpl$usenofp)
    serverobject_iam_a_slave                 0x08010784   Data           1  serverobject.o(.constdata)
    serverobject_objdict                     0x08010788   Data         216  serverobject.o(.constdata)
    serverobject_firstIndex                  0x08010860   Data          12  serverobject.o(.constdata)
    serverobject_lastIndex                   0x0801086c   Data          12  serverobject.o(.constdata)
    serverobject_ObjdictSize                 0x08010878   Data           2  serverobject.o(.constdata)
    reg                                      0x0801087c   Data          27  inv_mpu.o(.constdata)
    hw                                       0x08010898   Data          12  inv_mpu.o(.constdata)
    test                                     0x080108a4   Data          40  inv_mpu.o(.constdata)
    __mathlib_zero                           0x08011630   Data           8  qnan.o(.constdata)
    Region$$Table$$Base                      0x08011810   Number         0  anon$$obj.o(Region$$Table)
    Region$$Table$$Limit                     0x08011830   Number         0  anon$$obj.o(Region$$Table)
    __ctype                                  0x08011859   Data           0  lc_ctype_c.o(locale$$data)
    stcAcc                                   0x20000000   Data           8  main.o(.data)
    stcGyro                                  0x20000008   Data           8  main.o(.data)
    stcAngle                                 0x20000010   Data           8  main.o(.data)
    stcAcc2                                  0x20000018   Data           8  main.o(.data)
    stcGyro2                                 0x20000020   Data           8  main.o(.data)
    stcAngle2                                0x20000028   Data           8  main.o(.data)
    SystemCoreClock                          0x20000034   Data           4  system_stm32f4xx.o(.data)
    AHBPrescTable                            0x20000038   Data          16  system_stm32f4xx.o(.data)
    up_roll                                  0x20000048   Data           4  serverobject.o(.data)
    up_pitch                                 0x2000004c   Data           4  serverobject.o(.data)
    up_yaw                                   0x20000050   Data           4  serverobject.o(.data)
    down_roll                                0x20000054   Data           4  serverobject.o(.data)
    down_pitch                               0x20000058   Data           4  serverobject.o(.data)
    down_yaw                                 0x2000005c   Data           4  serverobject.o(.data)
    serverobject_bDeviceNodeId               0x20000060   Data           1  serverobject.o(.data)
    serverobject_heartBeatTimers             0x20000062   Data           2  serverobject.o(.data)
    serverobject_obj1000                     0x20000064   Data           4  serverobject.o(.data)
    serverobject_Index1000                   0x20000068   Data          16  serverobject.o(.data)
    serverobject_obj1001                     0x20000078   Data           1  serverobject.o(.data)
    serverobject_Index1001                   0x2000007c   Data          16  serverobject.o(.data)
    serverobject_highestSubIndex_obj1003     0x2000008c   Data           1  serverobject.o(.data)
    serverobject_obj1003                     0x20000090   Data           4  serverobject.o(.data)
    serverobject_Index1003                   0x20000094   Data          32  serverobject.o(.data)
    serverobject_obj1005                     0x200000b4   Data           4  serverobject.o(.data)
    serverobject_obj1006                     0x200000b8   Data           4  serverobject.o(.data)
    serverobject_obj100C                     0x200000bc   Data           2  serverobject.o(.data)
    serverobject_obj100D                     0x200000be   Data           1  serverobject.o(.data)
    serverobject_obj1014                     0x200000c0   Data           4  serverobject.o(.data)
    serverobject_highestSubIndex_obj1016     0x200000c4   Data           1  serverobject.o(.data)
    serverobject_obj1016                     0x200000c8   Data           4  serverobject.o(.data)
    serverobject_Index1016                   0x200000cc   Data          32  serverobject.o(.data)
    serverobject_obj1017                     0x200000ec   Data           2  serverobject.o(.data)
    serverobject_highestSubIndex_obj1018     0x200000ee   Data           1  serverobject.o(.data)
    serverobject_obj1018_Vendor_ID           0x200000f0   Data           4  serverobject.o(.data)
    serverobject_obj1018_Product_Code        0x200000f4   Data           4  serverobject.o(.data)
    serverobject_obj1018_Revision_Number     0x200000f8   Data           4  serverobject.o(.data)
    serverobject_obj1018_Serial_Number       0x200000fc   Data           4  serverobject.o(.data)
    serverobject_Index1018                   0x20000100   Data          80  serverobject.o(.data)
    serverobject_highestSubIndex_obj1200     0x20000150   Data           1  serverobject.o(.data)
    serverobject_obj1200_COB_ID_Client_to_Server_Receive_SDO 0x20000154   Data           4  serverobject.o(.data)
    serverobject_obj1200_COB_ID_Server_to_Client_Transmit_SDO 0x20000158   Data           4  serverobject.o(.data)
    serverobject_Index1200                   0x2000015c   Data          48  serverobject.o(.data)
    serverobject_highestSubIndex_obj1400     0x2000018c   Data           1  serverobject.o(.data)
    serverobject_obj1400_COB_ID_used_by_PDO  0x20000190   Data           4  serverobject.o(.data)
    serverobject_obj1400_Transmission_Type   0x20000194   Data           1  serverobject.o(.data)
    serverobject_obj1400_Inhibit_Time        0x20000196   Data           2  serverobject.o(.data)
    serverobject_obj1400_Compatibility_Entry 0x20000198   Data           1  serverobject.o(.data)
    serverobject_obj1400_Event_Timer         0x2000019a   Data           2  serverobject.o(.data)
    serverobject_obj1400_SYNC_start_value    0x2000019c   Data           1  serverobject.o(.data)
    serverobject_Index1400                   0x200001a0   Data         112  serverobject.o(.data)
    serverobject_highestSubIndex_obj1401     0x20000210   Data           1  serverobject.o(.data)
    serverobject_obj1401_COB_ID_used_by_PDO  0x20000214   Data           4  serverobject.o(.data)
    serverobject_obj1401_Transmission_Type   0x20000218   Data           1  serverobject.o(.data)
    serverobject_obj1401_Inhibit_Time        0x2000021a   Data           2  serverobject.o(.data)
    serverobject_obj1401_Compatibility_Entry 0x2000021c   Data           1  serverobject.o(.data)
    serverobject_obj1401_Event_Timer         0x2000021e   Data           2  serverobject.o(.data)
    serverobject_obj1401_SYNC_start_value    0x20000220   Data           1  serverobject.o(.data)
    serverobject_Index1401                   0x20000224   Data         112  serverobject.o(.data)
    serverobject_highestSubIndex_obj1402     0x20000294   Data           1  serverobject.o(.data)
    serverobject_obj1402_COB_ID_used_by_PDO  0x20000298   Data           4  serverobject.o(.data)
    serverobject_obj1402_Transmission_Type   0x2000029c   Data           1  serverobject.o(.data)
    serverobject_obj1402_Inhibit_Time        0x2000029e   Data           2  serverobject.o(.data)
    serverobject_obj1402_Compatibility_Entry 0x200002a0   Data           1  serverobject.o(.data)
    serverobject_obj1402_Event_Timer         0x200002a2   Data           2  serverobject.o(.data)
    serverobject_obj1402_SYNC_start_value    0x200002a4   Data           1  serverobject.o(.data)
    serverobject_Index1402                   0x200002a8   Data         112  serverobject.o(.data)
    serverobject_highestSubIndex_obj1403     0x20000318   Data           1  serverobject.o(.data)
    serverobject_obj1403_COB_ID_used_by_PDO  0x2000031c   Data           4  serverobject.o(.data)
    serverobject_obj1403_Transmission_Type   0x20000320   Data           1  serverobject.o(.data)
    serverobject_obj1403_Inhibit_Time        0x20000322   Data           2  serverobject.o(.data)
    serverobject_obj1403_Compatibility_Entry 0x20000324   Data           1  serverobject.o(.data)
    serverobject_obj1403_Event_Timer         0x20000326   Data           2  serverobject.o(.data)
    serverobject_obj1403_SYNC_start_value    0x20000328   Data           1  serverobject.o(.data)
    serverobject_Index1403                   0x2000032c   Data         112  serverobject.o(.data)
    serverobject_highestSubIndex_obj1600     0x2000039c   Data           1  serverobject.o(.data)
    serverobject_Index1600                   0x200003a0   Data         144  serverobject.o(.data)
    serverobject_highestSubIndex_obj1601     0x20000430   Data           1  serverobject.o(.data)
    serverobject_Index1601                   0x20000434   Data         144  serverobject.o(.data)
    serverobject_highestSubIndex_obj1602     0x200004c4   Data           1  serverobject.o(.data)
    serverobject_Index1602                   0x200004c8   Data         144  serverobject.o(.data)
    serverobject_highestSubIndex_obj1603     0x20000558   Data           1  serverobject.o(.data)
    serverobject_Index1603                   0x2000055c   Data         144  serverobject.o(.data)
    serverobject_highestSubIndex_obj1800     0x200005ec   Data           1  serverobject.o(.data)
    serverobject_obj1800_COB_ID_used_by_PDO  0x200005f0   Data           4  serverobject.o(.data)
    serverobject_obj1800_Transmission_Type   0x200005f4   Data           1  serverobject.o(.data)
    serverobject_obj1800_Inhibit_Time        0x200005f6   Data           2  serverobject.o(.data)
    serverobject_obj1800_Compatibility_Entry 0x200005f8   Data           1  serverobject.o(.data)
    serverobject_obj1800_Event_Timer         0x200005fa   Data           2  serverobject.o(.data)
    serverobject_obj1800_SYNC_start_value    0x200005fc   Data           1  serverobject.o(.data)
    serverobject_Index1800                   0x20000600   Data         112  serverobject.o(.data)
    serverobject_highestSubIndex_obj1801     0x20000670   Data           1  serverobject.o(.data)
    serverobject_obj1801_COB_ID_used_by_PDO  0x20000674   Data           4  serverobject.o(.data)
    serverobject_obj1801_Transmission_Type   0x20000678   Data           1  serverobject.o(.data)
    serverobject_obj1801_Inhibit_Time        0x2000067a   Data           2  serverobject.o(.data)
    serverobject_obj1801_Compatibility_Entry 0x2000067c   Data           1  serverobject.o(.data)
    serverobject_obj1801_Event_Timer         0x2000067e   Data           2  serverobject.o(.data)
    serverobject_obj1801_SYNC_start_value    0x20000680   Data           1  serverobject.o(.data)
    serverobject_Index1801                   0x20000684   Data         112  serverobject.o(.data)
    serverobject_highestSubIndex_obj1802     0x200006f4   Data           1  serverobject.o(.data)
    serverobject_obj1802_COB_ID_used_by_PDO  0x200006f8   Data           4  serverobject.o(.data)
    serverobject_obj1802_Transmission_Type   0x200006fc   Data           1  serverobject.o(.data)
    serverobject_obj1802_Inhibit_Time        0x200006fe   Data           2  serverobject.o(.data)
    serverobject_obj1802_Compatibility_Entry 0x20000700   Data           1  serverobject.o(.data)
    serverobject_obj1802_Event_Timer         0x20000702   Data           2  serverobject.o(.data)
    serverobject_obj1802_SYNC_start_value    0x20000704   Data           1  serverobject.o(.data)
    serverobject_Index1802                   0x20000708   Data         112  serverobject.o(.data)
    serverobject_highestSubIndex_obj1803     0x20000778   Data           1  serverobject.o(.data)
    serverobject_obj1803_COB_ID_used_by_PDO  0x2000077c   Data           4  serverobject.o(.data)
    serverobject_obj1803_Transmission_Type   0x20000780   Data           1  serverobject.o(.data)
    serverobject_obj1803_Inhibit_Time        0x20000782   Data           2  serverobject.o(.data)
    serverobject_obj1803_Compatibility_Entry 0x20000784   Data           1  serverobject.o(.data)
    serverobject_obj1803_Event_Timer         0x20000786   Data           2  serverobject.o(.data)
    serverobject_obj1803_SYNC_start_value    0x20000788   Data           1  serverobject.o(.data)
    serverobject_Index1803                   0x2000078c   Data         112  serverobject.o(.data)
    serverobject_highestSubIndex_obj1A00     0x200007fc   Data           1  serverobject.o(.data)
    serverobject_Index1A00                   0x20000800   Data         144  serverobject.o(.data)
    serverobject_highestSubIndex_obj1A01     0x20000890   Data           1  serverobject.o(.data)
    serverobject_Index1A01                   0x20000894   Data         144  serverobject.o(.data)
    serverobject_highestSubIndex_obj1A02     0x20000924   Data           1  serverobject.o(.data)
    serverobject_Index1A02                   0x20000928   Data         144  serverobject.o(.data)
    serverobject_highestSubIndex_obj1A03     0x200009b8   Data           1  serverobject.o(.data)
    serverobject_Index1A03                   0x200009bc   Data         144  serverobject.o(.data)
    serverobject_Index2004                   0x20000a4c   Data          16  serverobject.o(.data)
    serverobject_Index2008                   0x20000a5c   Data          16  serverobject.o(.data)
    serverobject_Index200B                   0x20000a6c   Data          16  serverobject.o(.data)
    serverobject_Index2011                   0x20000a7c   Data          16  serverobject.o(.data)
    serverobject_Index2015                   0x20000a8c   Data          16  serverobject.o(.data)
    serverobject_Index2019                   0x20000a9c   Data          16  serverobject.o(.data)
    serverobject_PDO_status                  0x20000aac   Data          72  serverobject.o(.data)
    serverobject_Data                        0x20000af4   Data         576  serverobject.o(.data)
    ap_angle                                 0x20000d70   Data           4  timer3.o(.data)
    pitch                                    0x20000d74   Data           4  timer3.o(.data)
    roll                                     0x20000d78   Data           4  timer3.o(.data)
    yaw                                      0x20000d7c   Data           4  timer3.o(.data)
    count                                    0x20000d80   Data           4  timer3.o(.data)
    USART3_RX_STA                            0x20000d84   Data           2  usart3.o(.data)
    __stdout                                 0x20000d8c   Data           4  usart.o(.data)
    USART_RX_STA                             0x20000d90   Data           2  usart.o(.data)
    sys_cmd_tab                              0x20000da4   Data          28  usmart.o(.data)
    usmart_nametab                           0x20000dc0   Data          56  usmart_config.o(.data)
    usmart_dev                               0x20000df8   Data         244  usmart_config.o(.data)
    total_sleep_time                         0x20000eec   Data           4  timer.o(.data)
    last_timer_raw                           0x20000ef0   Data           2  timer.o(.data)
    tdcount                                  0x20000ef4   Data           4  timer.o(.data)
    serverobject_obj1600                     0x200010ec   Data          32  serverobject.o(.bss)
    serverobject_obj1601                     0x2000110c   Data          32  serverobject.o(.bss)
    serverobject_obj1602                     0x2000112c   Data          32  serverobject.o(.bss)
    serverobject_obj1603                     0x2000114c   Data          32  serverobject.o(.bss)
    serverobject_obj1A00                     0x2000116c   Data          32  serverobject.o(.bss)
    serverobject_obj1A01                     0x2000118c   Data          32  serverobject.o(.bss)
    serverobject_obj1A02                     0x200011ac   Data          32  serverobject.o(.bss)
    serverobject_obj1A03                     0x200011cc   Data          32  serverobject.o(.bss)
    amplify_pitch                            0x200011fc   Data          12  timer3.o(.bss)
    amplify_roll                             0x20001208   Data          12  timer3.o(.bss)
    amplify_yaw                              0x20001214   Data          12  timer3.o(.bss)
    USART3_TX_BUF                            0x20001220   Data         400  usart3.o(.bss)
    USART3_RX_BUF                            0x200013b0   Data         400  usart3.o(.bss)
    USART_RX_BUF                             0x20001540   Data         200  usart.o(.bss)
    timers                                   0x20001608   Data         192  timer.o(.bss)
    __libspace_start                         0x200016c8   Data          96  libspace.o(.bss)
    __temporary_stack_top$libspace           0x20001728   Data           0  libspace.o(.bss)



==============================================================================

Memory Map of the image

  Image Entry point : 0x08000189

  Load Region LR_IROM1 (Base: 0x08000000, Size: 0x00012854, Max: 0x00100000, ABSOLUTE, COMPRESSED[0x00011cdc])

    Execution Region ER_IROM1 (Exec base: 0x08000000, Load base: 0x08000000, Size: 0x0001195c, Max: 0x00100000, ABSOLUTE)

    Exec Addr    Load Addr    Size         Type   Attr      Idx    E Section Name        Object

    0x08000000   0x08000000   0x00000188   Data   RO          767    RESET               startup_stm32f40_41xxx.o
    0x08000188   0x08000188   0x00000008   Code   RO         1420  * !!!main             c_w.l(__main.o)
    0x08000190   0x08000190   0x00000034   Code   RO         1825    !!!scatter          c_w.l(__scatter.o)
    0x080001c4   0x080001c4   0x0000005a   Code   RO         1823    !!dczerorl2         c_w.l(__dczerorl2.o)
    0x0800021e   0x0800021e   0x00000002   PAD
    0x08000220   0x08000220   0x0000001c   Code   RO         1827    !!handler_zi        c_w.l(__scatter_zi.o)
    0x0800023c   0x0800023c   0x00000000   Code   RO         1409    .ARM.Collect$$_printf_percent$$00000000  c_w.l(_printf_percent.o)
    0x0800023c   0x0800023c   0x00000006   Code   RO         1506    .ARM.Collect$$_printf_percent$$00000001  c_w.l(_printf_n.o)
    0x08000242   0x08000242   0x00000006   Code   RO         1507    .ARM.Collect$$_printf_percent$$00000002  c_w.l(_printf_p.o)
    0x08000248   0x08000248   0x00000006   Code   RO         1510    .ARM.Collect$$_printf_percent$$00000003  c_w.l(_printf_f.o)
    0x0800024e   0x0800024e   0x00000006   Code   RO         1511    .ARM.Collect$$_printf_percent$$00000004  c_w.l(_printf_e.o)
    0x08000254   0x08000254   0x00000006   Code   RO         1512    .ARM.Collect$$_printf_percent$$00000005  c_w.l(_printf_g.o)
    0x0800025a   0x0800025a   0x00000006   Code   RO         1513    .ARM.Collect$$_printf_percent$$00000006  c_w.l(_printf_a.o)
    0x08000260   0x08000260   0x0000000a   Code   RO         1518    .ARM.Collect$$_printf_percent$$00000007  c_w.l(_printf_ll.o)
    0x0800026a   0x0800026a   0x00000006   Code   RO         1509    .ARM.Collect$$_printf_percent$$00000008  c_w.l(_printf_i.o)
    0x08000270   0x08000270   0x00000006   Code   RO         1407    .ARM.Collect$$_printf_percent$$00000009  c_w.l(_printf_d.o)
    0x08000276   0x08000276   0x00000006   Code   RO         1408    .ARM.Collect$$_printf_percent$$0000000A  c_w.l(_printf_u.o)
    0x0800027c   0x0800027c   0x00000006   Code   RO         1508    .ARM.Collect$$_printf_percent$$0000000B  c_w.l(_printf_o.o)
    0x08000282   0x08000282   0x00000006   Code   RO         1406    .ARM.Collect$$_printf_percent$$0000000C  c_w.l(_printf_x.o)
    0x08000288   0x08000288   0x00000006   Code   RO         1515    .ARM.Collect$$_printf_percent$$0000000D  c_w.l(_printf_lli.o)
    0x0800028e   0x0800028e   0x00000006   Code   RO         1516    .ARM.Collect$$_printf_percent$$0000000E  c_w.l(_printf_lld.o)
    0x08000294   0x08000294   0x00000006   Code   RO         1517    .ARM.Collect$$_printf_percent$$0000000F  c_w.l(_printf_llu.o)
    0x0800029a   0x0800029a   0x00000006   Code   RO         1522    .ARM.Collect$$_printf_percent$$00000010  c_w.l(_printf_llo.o)
    0x080002a0   0x080002a0   0x00000006   Code   RO         1523    .ARM.Collect$$_printf_percent$$00000011  c_w.l(_printf_llx.o)
    0x080002a6   0x080002a6   0x0000000a   Code   RO         1519    .ARM.Collect$$_printf_percent$$00000012  c_w.l(_printf_l.o)
    0x080002b0   0x080002b0   0x00000006   Code   RO         1404    .ARM.Collect$$_printf_percent$$00000013  c_w.l(_printf_c.o)
    0x080002b6   0x080002b6   0x00000006   Code   RO         1405    .ARM.Collect$$_printf_percent$$00000014  c_w.l(_printf_s.o)
    0x080002bc   0x080002bc   0x00000006   Code   RO         1520    .ARM.Collect$$_printf_percent$$00000015  c_w.l(_printf_lc.o)
    0x080002c2   0x080002c2   0x00000006   Code   RO         1521    .ARM.Collect$$_printf_percent$$00000016  c_w.l(_printf_ls.o)
    0x080002c8   0x080002c8   0x00000004   Code   RO         1514    .ARM.Collect$$_printf_percent$$00000017  c_w.l(_printf_percent_end.o)
    0x080002cc   0x080002cc   0x00000002   Code   RO         1687    .ARM.Collect$$libinit$$00000000  c_w.l(libinit.o)
    0x080002ce   0x080002ce   0x00000004   Code   RO         1703    .ARM.Collect$$libinit$$00000001  c_w.l(libinit2.o)
    0x080002d2   0x080002d2   0x00000000   Code   RO         1706    .ARM.Collect$$libinit$$00000004  c_w.l(libinit2.o)
    0x080002d2   0x080002d2   0x00000000   Code   RO         1709    .ARM.Collect$$libinit$$0000000A  c_w.l(libinit2.o)
    0x080002d2   0x080002d2   0x00000000   Code   RO         1711    .ARM.Collect$$libinit$$0000000C  c_w.l(libinit2.o)
    0x080002d2   0x080002d2   0x00000000   Code   RO         1713    .ARM.Collect$$libinit$$0000000E  c_w.l(libinit2.o)
    0x080002d2   0x080002d2   0x00000006   Code   RO         1714    .ARM.Collect$$libinit$$0000000F  c_w.l(libinit2.o)
    0x080002d8   0x080002d8   0x00000000   Code   RO         1716    .ARM.Collect$$libinit$$00000011  c_w.l(libinit2.o)
    0x080002d8   0x080002d8   0x0000000c   Code   RO         1717    .ARM.Collect$$libinit$$00000012  c_w.l(libinit2.o)
    0x080002e4   0x080002e4   0x00000000   Code   RO         1718    .ARM.Collect$$libinit$$00000013  c_w.l(libinit2.o)
    0x080002e4   0x080002e4   0x00000000   Code   RO         1720    .ARM.Collect$$libinit$$00000015  c_w.l(libinit2.o)
    0x080002e4   0x080002e4   0x0000000a   Code   RO         1721    .ARM.Collect$$libinit$$00000016  c_w.l(libinit2.o)
    0x080002ee   0x080002ee   0x00000000   Code   RO         1722    .ARM.Collect$$libinit$$00000017  c_w.l(libinit2.o)
    0x080002ee   0x080002ee   0x00000000   Code   RO         1724    .ARM.Collect$$libinit$$00000019  c_w.l(libinit2.o)
    0x080002ee   0x080002ee   0x00000000   Code   RO         1726    .ARM.Collect$$libinit$$0000001B  c_w.l(libinit2.o)
    0x080002ee   0x080002ee   0x00000000   Code   RO         1728    .ARM.Collect$$libinit$$0000001D  c_w.l(libinit2.o)
    0x080002ee   0x080002ee   0x00000000   Code   RO         1730    .ARM.Collect$$libinit$$0000001F  c_w.l(libinit2.o)
    0x080002ee   0x080002ee   0x00000000   Code   RO         1732    .ARM.Collect$$libinit$$00000021  c_w.l(libinit2.o)
    0x080002ee   0x080002ee   0x00000000   Code   RO         1734    .ARM.Collect$$libinit$$00000023  c_w.l(libinit2.o)
    0x080002ee   0x080002ee   0x00000000   Code   RO         1736    .ARM.Collect$$libinit$$00000025  c_w.l(libinit2.o)
    0x080002ee   0x080002ee   0x00000000   Code   RO         1740    .ARM.Collect$$libinit$$0000002C  c_w.l(libinit2.o)
    0x080002ee   0x080002ee   0x00000000   Code   RO         1742    .ARM.Collect$$libinit$$0000002E  c_w.l(libinit2.o)
    0x080002ee   0x080002ee   0x00000000   Code   RO         1744    .ARM.Collect$$libinit$$00000030  c_w.l(libinit2.o)
    0x080002ee   0x080002ee   0x00000000   Code   RO         1746    .ARM.Collect$$libinit$$00000032  c_w.l(libinit2.o)
    0x080002ee   0x080002ee   0x00000002   Code   RO         1747    .ARM.Collect$$libinit$$00000033  c_w.l(libinit2.o)
    0x080002f0   0x080002f0   0x00000002   Code   RO         1775    .ARM.Collect$$libshutdown$$00000000  c_w.l(libshutdown.o)
    0x080002f2   0x080002f2   0x00000000   Code   RO         1789    .ARM.Collect$$libshutdown$$00000002  c_w.l(libshutdown2.o)
    0x080002f2   0x080002f2   0x00000000   Code   RO         1791    .ARM.Collect$$libshutdown$$00000004  c_w.l(libshutdown2.o)
    0x080002f2   0x080002f2   0x00000000   Code   RO         1794    .ARM.Collect$$libshutdown$$00000007  c_w.l(libshutdown2.o)
    0x080002f2   0x080002f2   0x00000000   Code   RO         1797    .ARM.Collect$$libshutdown$$0000000A  c_w.l(libshutdown2.o)
    0x080002f2   0x080002f2   0x00000000   Code   RO         1799    .ARM.Collect$$libshutdown$$0000000C  c_w.l(libshutdown2.o)
    0x080002f2   0x080002f2   0x00000000   Code   RO         1802    .ARM.Collect$$libshutdown$$0000000F  c_w.l(libshutdown2.o)
    0x080002f2   0x080002f2   0x00000002   Code   RO         1803    .ARM.Collect$$libshutdown$$00000010  c_w.l(libshutdown2.o)
    0x080002f4   0x080002f4   0x00000000   Code   RO         1476    .ARM.Collect$$rtentry$$00000000  c_w.l(__rtentry.o)
    0x080002f4   0x080002f4   0x00000000   Code   RO         1593    .ARM.Collect$$rtentry$$00000002  c_w.l(__rtentry2.o)
    0x080002f4   0x080002f4   0x00000006   Code   RO         1605    .ARM.Collect$$rtentry$$00000004  c_w.l(__rtentry4.o)
    0x080002fa   0x080002fa   0x00000000   Code   RO         1595    .ARM.Collect$$rtentry$$00000009  c_w.l(__rtentry2.o)
    0x080002fa   0x080002fa   0x00000004   Code   RO         1596    .ARM.Collect$$rtentry$$0000000A  c_w.l(__rtentry2.o)
    0x080002fe   0x080002fe   0x00000000   Code   RO         1598    .ARM.Collect$$rtentry$$0000000C  c_w.l(__rtentry2.o)
    0x080002fe   0x080002fe   0x00000008   Code   RO         1599    .ARM.Collect$$rtentry$$0000000D  c_w.l(__rtentry2.o)
    0x08000306   0x08000306   0x00000002   Code   RO         1692    .ARM.Collect$$rtexit$$00000000  c_w.l(rtexit.o)
    0x08000308   0x08000308   0x00000000   Code   RO         1749    .ARM.Collect$$rtexit$$00000002  c_w.l(rtexit2.o)
    0x08000308   0x08000308   0x00000004   Code   RO         1750    .ARM.Collect$$rtexit$$00000003  c_w.l(rtexit2.o)
    0x0800030c   0x0800030c   0x00000006   Code   RO         1751    .ARM.Collect$$rtexit$$00000004  c_w.l(rtexit2.o)
    0x08000312   0x08000312   0x00000002   PAD
    0x08000314   0x08000314   0x00000308   Code   RO            3    .text               main.o
    0x0800061c   0x0800061c   0x0000001a   Code   RO          228    .text               stm32f4xx_it.o
    0x08000636   0x08000636   0x00000002   PAD
    0x08000638   0x08000638   0x00000210   Code   RO          277    .text               system_stm32f4xx.o
    0x08000848   0x08000848   0x00000180   Code   RO          301    .text               serverobject.o
    0x080009c8   0x080009c8   0x00000040   Code   RO          330    .text               led.o
    0x08000a08   0x08000a08   0x00000104   Code   RO          350    .text               key.o
    0x08000b0c   0x08000b0c   0x0000028c   Code   RO          409    .text               myiic.o
    0x08000d98   0x08000d98   0x000022c0   Code   RO          432    .text               inv_mpu.o
    0x08003058   0x08003058   0x00000d90   Code   RO          473    .text               inv_mpu_dmp_motion_driver.o
    0x08003de8   0x08003de8   0x000001e4   Code   RO          506    .text               timer3.o
    0x08003fcc   0x08003fcc   0x00000384   Code   RO          619    .text               mpu6050iic.o
    0x08004350   0x08004350   0x00000118   Code   RO          639    .text               usart3.o
    0x08004468   0x08004468   0x000000d8   Code   RO          676    .text               usart_mpu.o
    0x08004540   0x08004540   0x00000104   Code   RO          696    .text               delay.o
    0x08004644   0x08004644   0x000000fc   Code   RO          736    .text               usart.o
    0x08004740   0x08004740   0x00000040   Code   RO          768    .text               startup_stm32f40_41xxx.o
    0x08004780   0x08004780   0x000000e0   Code   RO          774    .text               misc.o
    0x08004860   0x08004860   0x00000294   Code   RO          817    .text               stm32f4xx_gpio.o
    0x08004af4   0x08004af4   0x0000065c   Code   RO          837    .text               stm32f4xx_rcc.o
    0x08005150   0x08005150   0x00000454   Code   RO          879    .text               stm32f4xx_usart.o
    0x080055a4   0x080055a4   0x00000ca2   Code   RO          899    .text               stm32f4xx_tim.o
    0x08006246   0x08006246   0x00000002   PAD
    0x08006248   0x08006248   0x000009f0   Code   RO          919    .text               stm32f4xx_can.o
    0x08006c38   0x08006c38   0x00000c34   Code   RO         1002    .text               usmart.o
    0x0800786c   0x0800786c   0x00000528   Code   RO         1054    .text               usmart_str.o
    0x08007d94   0x08007d94   0x000001d8   Code   RO         1097    .text               canopen_can.o
    0x08007f6c   0x08007f6c   0x000000be   Code   RO         1121    .text               canopen_timebase.o
    0x0800802a   0x0800802a   0x00000002   PAD
    0x0800802c   0x0800802c   0x000002a2   Code   RO         1157    .text               emcy.o
    0x080082ce   0x080082ce   0x00000002   PAD
    0x080082d0   0x080082d0   0x000003f8   Code   RO         1169    .text               lifegrd.o
    0x080086c8   0x080086c8   0x00000084   Code   RO         1190    .text               nmtmaster.o
    0x0800874c   0x0800874c   0x0000010e   Code   RO         1202    .text               nmtslave.o
    0x0800885a   0x0800885a   0x00000002   PAD
    0x0800885c   0x0800885c   0x00000260   Code   RO         1237    .text               objacces.o
    0x08008abc   0x08008abc   0x00000a60   Code   RO         1249    .text               pdo.o
    0x0800951c   0x0800951c   0x00003c7a   Code   RO         1284    .text               sdo.o
    0x0800d196   0x0800d196   0x00000002   PAD
    0x0800d198   0x0800d198   0x0000041c   Code   RO         1299    .text               states.o
    0x0800d5b4   0x0800d5b4   0x00000120   Code   RO         1312    .text               sync.o
    0x0800d6d4   0x0800d6d4   0x00000198   Code   RO         1324    .text               timer.o
    0x0800d86c   0x0800d86c   0x00000002   Code   RO         1345    .text               c_w.l(use_no_semi_2.o)
    0x0800d86e   0x0800d86e   0x00000048   Code   RO         1347    .text               c_w.l(llsdiv.o)
    0x0800d8b6   0x0800d8b6   0x00000002   PAD
    0x0800d8b8   0x0800d8b8   0x00000024   Code   RO         1349    .text               c_w.l(c89vsprintf.o)
    0x0800d8dc   0x0800d8dc   0x00000018   Code   RO         1351    .text               c_w.l(__2printf.o)
    0x0800d8f4   0x0800d8f4   0x0000004e   Code   RO         1357    .text               c_w.l(_printf_pad.o)
    0x0800d942   0x0800d942   0x00000052   Code   RO         1359    .text               c_w.l(_printf_str.o)
    0x0800d994   0x0800d994   0x00000078   Code   RO         1361    .text               c_w.l(_printf_dec.o)
    0x0800da0c   0x0800da0c   0x00000094   Code   RO         1381    .text               c_w.l(_printf_hex_int_ll_ptr.o)
    0x0800daa0   0x0800daa0   0x00000188   Code   RO         1401    .text               c_w.l(__printf_flags_ss_wp.o)
    0x0800dc28   0x0800dc28   0x00000058   Code   RO         1410    .text               c_w.l(memcmp.o)
    0x0800dc80   0x0800dc80   0x0000003e   Code   RO         1412    .text               c_w.l(strlen.o)
    0x0800dcbe   0x0800dcbe   0x0000008a   Code   RO         1414    .text               c_w.l(rt_memcpy_v6.o)
    0x0800dd48   0x0800dd48   0x00000010   Code   RO         1416    .text               c_w.l(aeabi_memset.o)
    0x0800dd58   0x0800dd58   0x00000006   Code   RO         1418    .text               c_w.l(heapauxi.o)
    0x0800dd5e   0x0800dd5e   0x00000002   Code   RO         1474    .text               c_w.l(use_no_semi.o)
    0x0800dd60   0x0800dd60   0x000000ee   Code   RO         1477    .text               c_w.l(lludivv7m.o)
    0x0800de4e   0x0800de4e   0x00000016   Code   RO         1479    .text               c_w.l(_rserrno.o)
    0x0800de64   0x0800de64   0x00000024   Code   RO         1481    .text               c_w.l(_printf_truncate.o)
    0x0800de88   0x0800de88   0x000000b2   Code   RO         1483    .text               c_w.l(_printf_intcommon.o)
    0x0800df3a   0x0800df3a   0x00000028   Code   RO         1485    .text               c_w.l(_printf_charcount.o)
    0x0800df62   0x0800df62   0x00000002   PAD
    0x0800df64   0x0800df64   0x00000030   Code   RO         1487    .text               c_w.l(_printf_char_common.o)
    0x0800df94   0x0800df94   0x0000000a   Code   RO         1489    .text               c_w.l(_sputc.o)
    0x0800df9e   0x0800df9e   0x0000002c   Code   RO         1491    .text               c_w.l(_printf_char.o)
    0x0800dfca   0x0800dfca   0x00000002   PAD
    0x0800dfcc   0x0800dfcc   0x00000024   Code   RO         1493    .text               c_w.l(_printf_char_file.o)
    0x0800dff0   0x0800dff0   0x000000bc   Code   RO         1495    .text               c_w.l(_printf_wctomb.o)
    0x0800e0ac   0x0800e0ac   0x0000007c   Code   RO         1498    .text               c_w.l(_printf_longlong_dec.o)
    0x0800e128   0x0800e128   0x00000070   Code   RO         1504    .text               c_w.l(_printf_oct_int_ll.o)
    0x0800e198   0x0800e198   0x00000064   Code   RO         1524    .text               c_w.l(rt_memcpy_w.o)
    0x0800e1fc   0x0800e1fc   0x00000044   Code   RO         1526    .text               c_w.l(rt_memclr.o)
    0x0800e240   0x0800e240   0x00000008   Code   RO         1614    .text               c_w.l(rt_errno_addr_intlibspace.o)
    0x0800e248   0x0800e248   0x0000008a   Code   RO         1616    .text               c_w.l(lludiv10.o)
    0x0800e2d2   0x0800e2d2   0x0000041e   Code   RO         1618    .text               c_w.l(_printf_fp_dec.o)
    0x0800e6f0   0x0800e6f0   0x0000002c   Code   RO         1622    .text               c_w.l(_printf_wchar.o)
    0x0800e71c   0x0800e71c   0x00000008   Code   RO         1624    .text               c_w.l(ferror.o)
    0x0800e724   0x0800e724   0x00000040   Code   RO         1628    .text               c_w.l(_wcrtomb.o)
    0x0800e764   0x0800e764   0x0000004e   Code   RO         1630    .text               c_w.l(rt_memclr_w.o)
    0x0800e7b2   0x0800e7b2   0x00000002   PAD
    0x0800e7b4   0x0800e7b4   0x00000008   Code   RO         1636    .text               c_w.l(libspace.o)
    0x0800e7bc   0x0800e7bc   0x0000004a   Code   RO         1639    .text               c_w.l(sys_stackheap_outer.o)
    0x0800e806   0x0800e806   0x00000002   PAD
    0x0800e808   0x0800e808   0x00000010   Code   RO         1641    .text               c_w.l(rt_ctype_table.o)
    0x0800e818   0x0800e818   0x00000008   Code   RO         1648    .text               c_w.l(rt_locale_intlibspace.o)
    0x0800e820   0x0800e820   0x00000080   Code   RO         1650    .text               c_w.l(_printf_fp_infnan.o)
    0x0800e8a0   0x0800e8a0   0x000000e4   Code   RO         1652    .text               c_w.l(bigflt0.o)
    0x0800e984   0x0800e984   0x00000012   Code   RO         1680    .text               c_w.l(exit.o)
    0x0800e996   0x0800e996   0x00000002   PAD
    0x0800e998   0x0800e998   0x00000080   Code   RO         1701    .text               c_w.l(strcmpv7m.o)
    0x0800ea18   0x0800ea18   0x0000003e   Code   RO         1655    CL$$btod_d2e        c_w.l(btod.o)
    0x0800ea56   0x0800ea56   0x00000046   Code   RO         1657    CL$$btod_d2e_denorm_low  c_w.l(btod.o)
    0x0800ea9c   0x0800ea9c   0x00000060   Code   RO         1656    CL$$btod_d2e_norm_op1  c_w.l(btod.o)
    0x0800eafc   0x0800eafc   0x00000338   Code   RO         1665    CL$$btod_div_common  c_w.l(btod.o)
    0x0800ee34   0x0800ee34   0x000000dc   Code   RO         1662    CL$$btod_e2e        c_w.l(btod.o)
    0x0800ef10   0x0800ef10   0x0000002a   Code   RO         1659    CL$$btod_ediv       c_w.l(btod.o)
    0x0800ef3a   0x0800ef3a   0x0000002a   Code   RO         1658    CL$$btod_emul       c_w.l(btod.o)
    0x0800ef64   0x0800ef64   0x00000244   Code   RO         1664    CL$$btod_mult_common  c_w.l(btod.o)
    0x0800f1a8   0x0800f1a8   0x00000030   Code   RO         1575    i.__ARM_fpclassify  m_wm.l(fpclassify.o)
    0x0800f1d8   0x0800f1d8   0x00000360   Code   RO         1448    i.__hardfp_asin     m_wm.l(asin.o)
    0x0800f538   0x0800f538   0x000002d8   Code   RO         1541    i.__hardfp_atan     m_wm.l(atan.o)
    0x0800f810   0x0800f810   0x000001f0   Code   RO         1462    i.__hardfp_atan2    m_wm.l(atan2.o)
    0x0800fa00   0x0800fa00   0x000000f8   Code   RO         1577    i.__kernel_poly     m_wm.l(poly.o)
    0x0800faf8   0x0800faf8   0x00000014   Code   RO         1556    i.__mathlib_dbl_infnan  m_wm.l(dunder.o)
    0x0800fb0c   0x0800fb0c   0x00000014   Code   RO         1557    i.__mathlib_dbl_infnan2  m_wm.l(dunder.o)
    0x0800fb20   0x0800fb20   0x00000020   Code   RO         1558    i.__mathlib_dbl_invalid  m_wm.l(dunder.o)
    0x0800fb40   0x0800fb40   0x00000020   Code   RO         1561    i.__mathlib_dbl_underflow  m_wm.l(dunder.o)
    0x0800fb60   0x0800fb60   0x0000000e   Code   RO         1394    i._is_digit         c_w.l(__printf_wp.o)
    0x0800fb6e   0x0800fb6e   0x00000010   Code   RO         1543    i.atan              m_wm.l(atan.o)
    0x0800fb7e   0x0800fb7e   0x00000018   Code   RO         1571    i.fabs              m_wm.l(fabs.o)
    0x0800fb96   0x0800fb96   0x0000006e   Code   RO         1582    i.sqrt              m_wm.l(sqrt.o)
    0x0800fc04   0x0800fc04   0x0000002c   Code   RO         1678    locale$$code        c_w.l(lc_numeric_c.o)
    0x0800fc30   0x0800fc30   0x0000002c   Code   RO         1695    locale$$code        c_w.l(lc_ctype_c.o)
    0x0800fc5c   0x0800fc5c   0x00000018   Code   RO         1528    x$fpl$basic         fz_wm.l(basic.o)
    0x0800fc74   0x0800fc74   0x00000062   Code   RO         1422    x$fpl$d2f           fz_wm.l(d2f.o)
    0x0800fcd6   0x0800fcd6   0x00000002   PAD
    0x0800fcd8   0x0800fcd8   0x00000150   Code   RO         1424    x$fpl$dadd          fz_wm.l(daddsub_clz.o)
    0x0800fe28   0x0800fe28   0x000002b0   Code   RO         1431    x$fpl$ddiv          fz_wm.l(ddiv.o)
    0x080100d8   0x080100d8   0x0000002e   Code   RO         1439    x$fpl$dflt          fz_wm.l(dflt_clz.o)
    0x08010106   0x08010106   0x00000002   PAD
    0x08010108   0x08010108   0x00000154   Code   RO         1444    x$fpl$dmul          fz_wm.l(dmul.o)
    0x0801025c   0x0801025c   0x0000009c   Code   RO         1530    x$fpl$dnaninf       fz_wm.l(dnaninf.o)
    0x080102f8   0x080102f8   0x0000000c   Code   RO         1532    x$fpl$dretinf       fz_wm.l(dretinf.o)
    0x08010304   0x08010304   0x00000016   Code   RO         1425    x$fpl$drsb          fz_wm.l(daddsub_clz.o)
    0x0801031a   0x0801031a   0x00000002   PAD
    0x0801031c   0x0801031c   0x00000198   Code   RO         1634    x$fpl$dsqrt         fz_wm.l(dsqrt_umaal.o)
    0x080104b4   0x080104b4   0x000001d4   Code   RO         1426    x$fpl$dsub          fz_wm.l(daddsub_clz.o)
    0x08010688   0x08010688   0x00000056   Code   RO         1446    x$fpl$f2d           fz_wm.l(f2d.o)
    0x080106de   0x080106de   0x0000008c   Code   RO         1534    x$fpl$fnaninf       fz_wm.l(fnaninf.o)
    0x0801076a   0x0801076a   0x0000000a   Code   RO         1763    x$fpl$fpinit        fz_wm.l(fpinit.o)
    0x08010774   0x08010774   0x0000000a   Code   RO         1536    x$fpl$fretinf       fz_wm.l(fretinf.o)
    0x0801077e   0x0801077e   0x00000004   Code   RO         1538    x$fpl$printf1       fz_wm.l(printf1.o)
    0x08010782   0x08010782   0x00000000   Code   RO         1540    x$fpl$usenofp       fz_wm.l(usenofp.o)
    0x08010782   0x08010782   0x00000002   PAD
    0x08010784   0x08010784   0x000000f6   Data   RO          303    .constdata          serverobject.o
    0x0801087a   0x0801087a   0x00000002   PAD
    0x0801087c   0x0801087c   0x00000050   Data   RO          433    .constdata          inv_mpu.o
    0x080108cc   0x080108cc   0x00000bf6   Data   RO          475    .constdata          inv_mpu_dmp_motion_driver.o
    0x080114c2   0x080114c2   0x00000002   PAD
    0x080114c4   0x080114c4   0x00000040   Data   RO         1300    .constdata          states.o
    0x08011504   0x08011504   0x00000028   Data   RO         1382    .constdata          c_w.l(_printf_hex_int_ll_ptr.o)
    0x0801152c   0x0801152c   0x00000011   Data   RO         1402    .constdata          c_w.l(__printf_flags_ss_wp.o)
    0x0801153d   0x0801153d   0x00000003   PAD
    0x08011540   0x08011540   0x00000050   Data   RO         1451    .constdata          m_wm.l(asin.o)
    0x08011590   0x08011590   0x00000008   Data   RO         1496    .constdata          c_w.l(_printf_wctomb.o)
    0x08011598   0x08011598   0x00000098   Data   RO         1544    .constdata          m_wm.l(atan.o)
    0x08011630   0x08011630   0x00000008   Data   RO         1579    .constdata          m_wm.l(qnan.o)
    0x08011638   0x08011638   0x00000094   Data   RO         1653    .constdata          c_w.l(bigflt0.o)
    0x080116cc   0x080116cc   0x0000004d   Data   RO          434    .conststring        inv_mpu.o
    0x08011719   0x08011719   0x00000003   PAD
    0x0801171c   0x0801171c   0x00000028   Data   RO         1003    .conststring        usmart.o
    0x08011744   0x08011744   0x000000cb   Data   RO         1033    .conststring        usmart_config.o
    0x0801180f   0x0801180f   0x00000001   PAD
    0x08011810   0x08011810   0x00000020   Data   RO         1821    Region$$Table       anon$$obj.o
    0x08011830   0x08011830   0x0000001c   Data   RO         1677    locale$$data        c_w.l(lc_numeric_c.o)
    0x0801184c   0x0801184c   0x00000110   Data   RO         1694    locale$$data        c_w.l(lc_ctype_c.o)


    Execution Region RW_IRAM1 (Exec base: 0x20000000, Load base: 0x0801195c, Size: 0x00001d28, Max: 0x00020000, ABSOLUTE, COMPRESSED[0x00000380])

    Exec Addr    Load Addr    Size         Type   Attr      Idx    E Section Name        Object

    0x20000000   COMPRESSED   0x00000032   Data   RW            5    .data               main.o
    0x20000032   COMPRESSED   0x00000002   PAD
    0x20000034   COMPRESSED   0x00000014   Data   RW          278    .data               system_stm32f4xx.o
    0x20000048   COMPRESSED   0x00000cec   Data   RW          304    .data               serverobject.o
    0x20000d34   COMPRESSED   0x00000001   Data   RW          351    .data               key.o
    0x20000d35   COMPRESSED   0x00000003   PAD
    0x20000d38   COMPRESSED   0x00000035   Data   RW          435    .data               inv_mpu.o
    0x20000d6d   COMPRESSED   0x00000003   PAD
    0x20000d70   COMPRESSED   0x00000014   Data   RW          509    .data               timer3.o
    0x20000d84   COMPRESSED   0x00000002   Data   RW          641    .data               usart3.o
    0x20000d86   COMPRESSED   0x00000004   Data   RW          697    .data               delay.o
    0x20000d8a   COMPRESSED   0x00000002   PAD
    0x20000d8c   COMPRESSED   0x00000006   Data   RW          738    .data               usart.o
    0x20000d92   COMPRESSED   0x00000010   Data   RW          838    .data               stm32f4xx_rcc.o
    0x20000da2   COMPRESSED   0x00000002   PAD
    0x20000da4   COMPRESSED   0x0000001c   Data   RW         1004    .data               usmart.o
    0x20000dc0   COMPRESSED   0x0000012c   Data   RW         1034    .data               usmart_config.o
    0x20000eec   COMPRESSED   0x0000000c   Data   RW         1326    .data               timer.o
    0x20000ef8        -       0x000001f4   Zero   RW            4    .bss                main.o
    0x200010ec        -       0x00000100   Zero   RW          302    .bss                serverobject.o
    0x200011ec        -       0x00000010   Zero   RW          474    .bss                inv_mpu_dmp_motion_driver.o
    0x200011fc        -       0x00000024   Zero   RW          507    .bss                timer3.o
    0x20001220        -       0x00000320   Zero   RW          640    .bss                usart3.o
    0x20001540        -       0x000000c8   Zero   RW          737    .bss                usart.o
    0x20001608        -       0x000000c0   Zero   RW         1325    .bss                timer.o
    0x200016c8        -       0x00000060   Zero   RW         1637    .bss                c_w.l(libspace.o)
    0x20001728        -       0x00000200   Zero   RW          766    HEAP                startup_stm32f40_41xxx.o
    0x20001928        -       0x00000400   Zero   RW          765    STACK               startup_stm32f40_41xxx.o


==============================================================================

Image component sizes


      Code (inc. data)   RO Data    RW Data    ZI Data      Debug   Object Name

       472         14          0          0          0       1817   canopen_can.o
       190          0          0          0          0       1462   canopen_timebase.o
       260          8          0          4          0       1493   delay.o
       674          0          0          0          0       3407   emcy.o
      8896        222        157         53          0      24617   inv_mpu.o
      3472        142       3062          0         16      15575   inv_mpu_dmp_motion_driver.o
       260         12          0          1          0        884   key.o
        64          4          0          0          0        531   led.o
      1016          6          0          0          0       5351   lifegrd.o
       776         86          0         50        500     304040   main.o
       224         20          0          0          0       1833   misc.o
       900         22          0          0          0       4511   mpu6050iic.o
       652         24          0          0          0       1964   myiic.o
       132          0          0          0          0       1385   nmtmaster.o
       270          0          0          0          0       1124   nmtslave.o
       608         16          0          0          0       3552   objacces.o
      2656          4          0          0          0       8231   pdo.o
     15482        150          0          0          0      20663   sdo.o
       384         14        246       3308        256      12673   serverobject.o
        64         26        392          0       1536        836   startup_stm32f40_41xxx.o
      1052         22         64          0          0       4331   states.o
      2544         38          0          0          0       8160   stm32f4xx_can.o
       660         44          0          0          0       4173   stm32f4xx_gpio.o
        26          0          0          0          0       1230   stm32f4xx_it.o
      1628         52          0         16          0      13056   stm32f4xx_rcc.o
      3234         60          0          0          0      23028   stm32f4xx_tim.o
      1108         34          0          0          0       7896   stm32f4xx_usart.o
       288          4          0          0          0       2302   sync.o
       528         46          0         20          0       1799   system_stm32f4xx.o
       408         14          0         12        192       3222   timer.o
       484         38          0         20         36      12034   timer3.o
       252          8          0          6        200       3230   usart.o
       280         16          0          2        800       2486   usart3.o
       216         10          0          0          0        915   usart_mpu.o
      3124       1286         40         28          0       4446   usmart.o
         0          0        203        300          0       1528   usmart_config.o
      1320         12          0          0          0       5353   usmart_str.o

    ----------------------------------------------------------------------
     54616       2454       4204       3832       3536     515138   Object Totals
         0          0         32          0          0          0   (incl. Generated)
        12          0          8         12          0          0   (incl. Padding)

    ----------------------------------------------------------------------

      Code (inc. data)   RO Data    RW Data    ZI Data      Debug   Library Member Name

        24          4          0          0          0         84   __2printf.o
        90          0          0          0          0          0   __dczerorl2.o
         8          0          0          0          0         68   __main.o
       392          4         17          0          0         92   __printf_flags_ss_wp.o
        14          0          0          0          0         68   __printf_wp.o
         0          0          0          0          0          0   __rtentry.o
        12          0          0          0          0          0   __rtentry2.o
         6          0          0          0          0          0   __rtentry4.o
        52          8          0          0          0          0   __scatter.o
        28          0          0          0          0          0   __scatter_zi.o
         6          0          0          0          0          0   _printf_a.o
         6          0          0          0          0          0   _printf_c.o
        44          0          0          0          0        108   _printf_char.o
        48          6          0          0          0         96   _printf_char_common.o
        36          4          0          0          0         80   _printf_char_file.o
        40          0          0          0          0         68   _printf_charcount.o
         6          0          0          0          0          0   _printf_d.o
       120         16          0          0          0         92   _printf_dec.o
         6          0          0          0          0          0   _printf_e.o
         6          0          0          0          0          0   _printf_f.o
      1054          0          0          0          0        216   _printf_fp_dec.o
       128         16          0          0          0         84   _printf_fp_infnan.o
         6          0          0          0          0          0   _printf_g.o
       148          4         40          0          0        160   _printf_hex_int_ll_ptr.o
         6          0          0          0          0          0   _printf_i.o
       178          0          0          0          0         88   _printf_intcommon.o
        10          0          0          0          0          0   _printf_l.o
         6          0          0          0          0          0   _printf_lc.o
        10          0          0          0          0          0   _printf_ll.o
         6          0          0          0          0          0   _printf_lld.o
         6          0          0          0          0          0   _printf_lli.o
         6          0          0          0          0          0   _printf_llo.o
         6          0          0          0          0          0   _printf_llu.o
         6          0          0          0          0          0   _printf_llx.o
       124         16          0          0          0         92   _printf_longlong_dec.o
         6          0          0          0          0          0   _printf_ls.o
         6          0          0          0          0          0   _printf_n.o
         6          0          0          0          0          0   _printf_o.o
       112         10          0          0          0        124   _printf_oct_int_ll.o
         6          0          0          0          0          0   _printf_p.o
        78          0          0          0          0        108   _printf_pad.o
         0          0          0          0          0          0   _printf_percent.o
         4          0          0          0          0          0   _printf_percent_end.o
         6          0          0          0          0          0   _printf_s.o
        82          0          0          0          0         80   _printf_str.o
        36          0          0          0          0         84   _printf_truncate.o
         6          0          0          0          0          0   _printf_u.o
        44          0          0          0          0        108   _printf_wchar.o
       188          6          8          0          0         92   _printf_wctomb.o
         6          0          0          0          0          0   _printf_x.o
        22          0          0          0          0        100   _rserrno.o
        10          0          0          0          0         68   _sputc.o
        64          0          0          0          0         92   _wcrtomb.o
        16          0          0          0          0         68   aeabi_memset.o
       228          4        148          0          0         96   bigflt0.o
      1936        128          0          0          0        672   btod.o
        36          4          0          0          0         76   c89vsprintf.o
        18          0          0          0          0         80   exit.o
         8          0          0          0          0         68   ferror.o
         6          0          0          0          0        152   heapauxi.o
        44         10        272          0          0         76   lc_ctype_c.o
        44         10         28          0          0         76   lc_numeric_c.o
         2          0          0          0          0          0   libinit.o
        34          0          0          0          0          0   libinit2.o
         2          0          0          0          0          0   libshutdown.o
         2          0          0          0          0          0   libshutdown2.o
         8          4          0          0         96         68   libspace.o
        72          0          0          0          0         76   llsdiv.o
       138          0          0          0          0         80   lludiv10.o
       238          0          0          0          0        100   lludivv7m.o
        88          0          0          0          0         76   memcmp.o
        16          4          0          0          0         76   rt_ctype_table.o
         8          4          0          0          0         68   rt_errno_addr_intlibspace.o
         8          4          0          0          0         68   rt_locale_intlibspace.o
        68          0          0          0          0         68   rt_memclr.o
        78          0          0          0          0         80   rt_memclr_w.o
       138          0          0          0          0         68   rt_memcpy_v6.o
       100          0          0          0          0         80   rt_memcpy_w.o
         2          0          0          0          0          0   rtexit.o
        10          0          0          0          0          0   rtexit2.o
       128          0          0          0          0         68   strcmpv7m.o
        62          0          0          0          0         76   strlen.o
        74          0          0          0          0         80   sys_stackheap_outer.o
         2          0          0          0          0         68   use_no_semi.o
         2          0          0          0          0         68   use_no_semi_2.o
        24          0          0          0          0        164   basic.o
        98          4          0          0          0        140   d2f.o
       826         16          0          0          0        492   daddsub_clz.o
       688        140          0          0          0        256   ddiv.o
        46          0          0          0          0        116   dflt_clz.o
       340         12          0          0          0        152   dmul.o
       156          4          0          0          0        140   dnaninf.o
        12          0          0          0          0        116   dretinf.o
       408         56          0          0          0        168   dsqrt_umaal.o
        86          4          0          0          0        132   f2d.o
       140          4          0          0          0        132   fnaninf.o
        10          0          0          0          0        116   fpinit.o
        10          0          0          0          0        116   fretinf.o
         4          0          0          0          0        116   printf1.o
         0          0          0          0          0          0   usenofp.o
       864         94         80          0          0        280   asin.o
       744        106        152          0          0        352   atan.o
       496         64          0          0          0        192   atan2.o
       104         16          0          0          0        496   dunder.o
        24          0          0          0          0        124   fabs.o
        48          0          0          0          0        124   fpclassify.o
       248          0          0          0          0        152   poly.o
         0          0          8          0          0          0   qnan.o
       110          0          0          0          0        148   sqrt.o

    ----------------------------------------------------------------------
     12452        786        756          0         96       9108   Library Totals
        24          0          3          0          0          0   (incl. Padding)

    ----------------------------------------------------------------------

      Code (inc. data)   RO Data    RW Data    ZI Data      Debug   Library Name

      6942        266        513          0         96       4884   c_w.l
      2848        240          0          0          0       2356   fz_wm.l
      2638        280        240          0          0       1868   m_wm.l

    ----------------------------------------------------------------------
     12452        786        756          0         96       9108   Library Totals

    ----------------------------------------------------------------------

==============================================================================


      Code (inc. data)   RO Data    RW Data    ZI Data      Debug   

     67068       3240       4960       3832       3632     511290   Grand Totals
     67068       3240       4960        896       3632     511290   ELF Image Totals (compressed)
     67068       3240       4960        896          0          0   ROM Totals

==============================================================================

    Total RO  Size (Code + RO Data)                72028 (  70.34kB)
    Total RW  Size (RW Data + ZI Data)              7464 (   7.29kB)
    Total ROM Size (Code + RO Data + RW Data)      72924 (  71.21kB)

==============================================================================

