<html>
<body>
<pre>
<h1>礦ision Build Log</h1>
<h2>Tool Versions:</h2>
IDE-Version: μVision V5.26.2.0
Copyright (C) 2018 ARM Ltd and ARM Germany GmbH. All rights reserved.
License Information: hh hhhh@163.com, hh, LIC=QF82M-XHT0W-LQP0Q-NBL09-R77GG-HLR77
 
Tool Versions:
Toolchain:       MDK-ARM Plus  Version: 5.26.2.0
Toolchain Path:  F:\ARM\ARMCC\Bin
C Compiler:      Armcc.exe V5.06 update 6 (build 750)
Assembler:       Armasm.exe V5.06 update 6 (build 750)
Linker/Locator:  ArmLink.exe V5.06 update 6 (build 750)
Library Manager: ArmAr.exe V5.06 update 6 (build 750)
Hex Converter:   FromElf.exe V5.06 update 6 (build 750)
CPU DLL:         SARMCM3.DLL V5.26.2.0
Dialog DLL:      DCM.DLL V1.17.2.0
Target DLL:      Segger\JL2CM3.dll V2.99.31.0
Dialog DLL:      TCM.DLL V1.36.1.0
 
<h2>Project:</h2>
C:\Users\huang\Desktop\项目代码\405从站921\USER\canopen405server.uvprojx
Project File Date:  09/27/2020

<h2>Output:</h2>
*** Using Compiler 'V5.06 update 6 (build 750)', folder: 'F:\ARM\ARMCC\Bin'
Build target 'MPU6050'
compiling stm32f4xx_it.c...
compiling system_stm32f4xx.c...
compiling main.c...
compiling serverobject.c...
compiling led.c...
compiling key.c...
compiling lcd.c...
compiling myiic.c...
compiling inv_mpu.c...
compiling inv_mpu_dmp_motion_driver.c...
compiling timer3.c...
compiling spi.c...
compiling tad2141.c...
compiling mpu6050iic.c...
compiling usart3.c...
compiling usart_mpu.c...
compiling delay.c...
assembling startup_stm32f40_41xxx.s...
compiling usart.c...
compiling sys.c...
compiling misc.c...
compiling stm32f4xx_fsmc.c...
compiling stm32f4xx_gpio.c...
compiling stm32f4xx_usart.c...
compiling stm32f4xx_rcc.c...
compiling stm32f4xx_syscfg.c...
compiling stm32f4xx_can.c...
compiling stm32f4xx_flash.c...
compiling stm32f4xx_tim.c...
compiling stm32f4xx_flash_ramfunc.c...
compiling stm32f4xx_spi.c...
compiling usmart.c...
compiling usmart_config.c...
compiling usmart_str.c...
compiling bsp_can.c...
compiling CANOpen_can.c...
compiling CANOpen_timeBase.c...
compiling emcy.c...
compiling dcf.c...
..\CANFESTIVAL\src\dcf.c(118): warning:  #177-D: variable "node"  was declared but never referenced
       UNS8 buf[4], match = 0, node;
..\CANFESTIVAL\src\dcf.c: 1 warning, 0 errors
compiling lss.c...
compiling lifegrd.c...
compiling nmtMaster.c...
compiling nmtSlave.c...
compiling objacces.c...
..\CANFESTIVAL\src\objacces.c(261): warning:  #177-D: variable "CallbackList"  was declared but never referenced
    ODCallback_t *CallbackList;
..\CANFESTIVAL\src\objacces.c: 1 warning, 0 errors
compiling pdo.c...
compiling nvic.c...
compiling states.c...
compiling sdo.c...
compiling sync.c...
compiling rcc.c...
compiling timer.c...
linking...
Program Size: Code=67068 RO-data=4960 RW-data=3832 ZI-data=3632  
FromELF: creating hex file...
"..\OBJ\MPU6050.axf" - 0 Error(s), 2 Warning(s).

<h2>Software Packages used:</h2>

Package Vendor: Keil
                http://www.keil.com/pack/Keil.STM32F4xx_DFP.2.14.0.pack
                Keil.STM32F4xx_DFP.2.14.0
                STMicroelectronics STM32F4 Series Device Support, Drivers and Examples

<h2>Collection of Component include folders:</h2>
  .\RTE\_MPU6050
  F:\ARM\PACK\Keil\STM32F4xx_DFP\2.14.0\Drivers\CMSIS\Device\ST\STM32F4xx\Include

<h2>Collection of Component Files used:</h2>
Build Time Elapsed:  00:00:29
</pre>
</body>
</html>
